<html>
<body>
<pre>
<h1>µVision Build Log</h1>
<h2>Tool Versions:</h2>
IDE-Version: ¦ÌVision V5.39.0.0
Copyright (C) 2023 ARM Ltd and ARM Germany GmbH. All rights reserved.
License Information: 212 841039431@qq.com, 122, LIC=9WSKC-72QMV-BS1YX-HYKKL-50IQM-AHN9V
 
Tool Versions:
Toolchain:       MDK-ARM Plus  Version: 5.39.0.0
Toolchain Path:  F:\KEIL5\ARM\ARM_Compiler_5.06u7\Bin
C Compiler:      Armcc.exe V5.06 update 7 (build 960)
Assembler:       Armasm.exe V5.06 update 7 (build 960)
Linker/Locator:  ArmLink.exe V5.06 update 7 (build 960)
Library Manager: ArmAr.exe V5.06 update 7 (build 960)
Hex Converter:   FromElf.exe V5.06 update 7 (build 960)
CPU DLL:         SARMCM3.DLL V5.39.0.0
Dialog DLL:      DCM.DLL V1.17.5.0
Target DLL:      CMSIS_AGDI.dll V1.33.16.0
Dialog DLL:      TCM.DLL V1.56.4.0
 
<h2>Project:</h2>
F:\RM\°¸Àý\remote_motor_control\motor_control\MDK-ARM\motor_control.uvprojx
Project File Date:  09/24/2024

<h2>Output:</h2>
*** Using Compiler 'V5.06 update 7 (build 960)', folder: 'F:\KEIL5\ARM\ARM_Compiler_5.06u7\Bin'
Rebuild target 'motor_control'
Note: source file '..\bsp\src\bsp_usart.c' - object file renamed from 'motor_control\bsp_usart.o' to 'motor_control\bsp_usart_1.o'.
assembling startup_stm32f407xx.s...
compiling gpio.c...
compiling can.c...
compiling stm32f4xx_it.c...
compiling stm32f4xx_hal_flash_ramfunc.c...
compiling stm32f4xx_hal_msp.c...
compiling stm32f4xx_hal_flash_ex.c...
compiling main.c...
../bsp/inc/bsp_can.h(88): warning:  #1295-D: Deprecated declaration TIM_CAN_PeriodElapsedCallback - give arg types
  extern void TIM_CAN_PeriodElapsedCallback();
..\task\inc\task_init.h(19): warning:  #1295-D: Deprecated declaration task_start_init - give arg types
  extern void task_start_init();
..\task\inc\task_init.h(20): warning:  #1-D: last line of file ends without a newline
  #endif
..\task\inc\shoot.h(34): warning:  #1-D: last line of file ends without a newline
  #endif
../Core/Src/main.c: 4 warnings, 0 errors
compiling usart.c...
compiling dma.c...
compiling stm32f4xx_hal_can.c...
compiling stm32f4xx_hal_gpio.c...
compiling stm32f4xx_hal_flash.c...
compiling stm32f4xx_hal_rcc_ex.c...
compiling stm32f4xx_hal_rcc.c...
compiling stm32f4xx_hal_tim.c...
compiling stm32f4xx_hal_tim_ex.c...
compiling stm32f4xx_hal_cortex.c...
compiling stm32f4xx_hal_pwr_ex.c...
compiling stm32f4xx_hal_exti.c...
compiling system_stm32f4xx.c...
compiling stm32f4xx_hal.c...
compiling stm32f4xx_hal_pwr.c...
compiling bsp_pid.c...
compiling stm32f4xx_hal_dma.c...
compiling bsp_can.c...
../bsp/inc/bsp_can.h(88): warning:  #1295-D: Deprecated declaration TIM_CAN_PeriodElapsedCallback - give arg types
  extern void TIM_CAN_PeriodElapsedCallback();
..\bsp\src\bsp_can.c: 1 warning, 0 errors
compiling bsp_motor.c...
../bsp/inc/bsp_can.h(88): warning:  #1295-D: Deprecated declaration TIM_CAN_PeriodElapsedCallback - give arg types
  extern void TIM_CAN_PeriodElapsedCallback();
..\bsp\src\bsp_motor.c(492): warning:  #1-D: last line of file ends without a newline
  };
..\bsp\src\bsp_motor.c: 2 warnings, 0 errors
compiling stm32f4xx_hal_dma_ex.c...
compiling stm32f4xx_hal_uart.c...
compiling bsp_rc.c...
compiling remote_control.c...
compiling bsp_usart.c...
compiling task_init.c...
../bsp/inc/bsp_can.h(88): warning:  #1295-D: Deprecated declaration TIM_CAN_PeriodElapsedCallback - give arg types
  extern void TIM_CAN_PeriodElapsedCallback();
..\task\inc\task_init.h(19): warning:  #1295-D: Deprecated declaration task_start_init - give arg types
  extern void task_start_init();
..\task\inc\task_init.h(20): warning:  #1-D: last line of file ends without a newline
  #endif
..\task\inc\shoot.h(34): warning:  #1-D: last line of file ends without a newline
  #endif
..\task\src\task_init.c(21): warning:  #1-D: last line of file ends without a newline
   }
..\task\src\task_init.c: 5 warnings, 0 errors
compiling shoot.c...
../bsp/inc/bsp_can.h(88): warning:  #1295-D: Deprecated declaration TIM_CAN_PeriodElapsedCallback - give arg types
  extern void TIM_CAN_PeriodElapsedCallback();
..\task\inc\shoot.h(34): warning:  #1-D: last line of file ends without a newline
  #endif
..\task\src\shoot.c: 2 warnings, 0 errors
linking...
Program Size: Code=13586 RO-data=458 RW-data=52 ZI-data=5996  
FromELF: creating hex file...
"motor_control\motor_control.axf" - 0 Error(s), 14 Warning(s).

<h2>Software Packages used:</h2>

Package Vendor: ARM
                http://www.keil.com/pack/ARM.CMSIS.5.9.0.pack
                ARM::CMSIS@5.9.0
                CMSIS (Common Microcontroller Software Interface Standard)
   * Component: CORE Version: 5.6.0

Package Vendor: Keil
                https://www.keil.com/pack/Keil.STM32F4xx_DFP.2.17.1.pack
                Keil::STM32F4xx_DFP@2.17.1
                STMicroelectronics STM32F4 Series Device Support, Drivers and Examples

<h2>Collection of Component include folders:</h2>
  ./RTE/_motor_control
  F:/KEIL5/packs/ARM/CMSIS/5.9.0/CMSIS/Core/Include
  F:/KEIL5/packs/Keil/STM32F4xx_DFP/2.17.1/Drivers/CMSIS/Device/ST/STM32F4xx/Include

<h2>Collection of Component Files used:</h2>

   * Component: ARM::CMSIS:CORE@5.6.0
      Include file:  CMSIS/Core/Include/tz_context.h
Build Time Elapsed:  00:00:12
</pre>
</body>
</html>
