Component: ARM Compiler 5.06 update 7 (build 960) Tool: armlink [4d3601]

==============================================================================

Section Cross References

    startup_stm32f407xx.o(STACK) refers (Special) to heapauxi.o(.text) for __use_two_region_memory
    startup_stm32f407xx.o(HEAP) refers (Special) to heapauxi.o(.text) for __use_two_region_memory
    startup_stm32f407xx.o(RESET) refers (Special) to heapauxi.o(.text) for __use_two_region_memory
    startup_stm32f407xx.o(RESET) refers to startup_stm32f407xx.o(STACK) for __initial_sp
    startup_stm32f407xx.o(RESET) refers to startup_stm32f407xx.o(.text) for Reset_Handler
    startup_stm32f407xx.o(RESET) refers to stm32f4xx_it.o(i.NMI_Handler) for NMI_Handler
    startup_stm32f407xx.o(RESET) refers to stm32f4xx_it.o(i.HardFault_Handler) for HardFault_Handler
    startup_stm32f407xx.o(RESET) refers to stm32f4xx_it.o(i.MemManage_Handler) for MemManage_Handler
    startup_stm32f407xx.o(RESET) refers to stm32f4xx_it.o(i.BusFault_Handler) for BusFault_Handler
    startup_stm32f407xx.o(RESET) refers to stm32f4xx_it.o(i.UsageFault_Handler) for UsageFault_Handler
    startup_stm32f407xx.o(RESET) refers to stm32f4xx_it.o(i.SVC_Handler) for SVC_Handler
    startup_stm32f407xx.o(RESET) refers to stm32f4xx_it.o(i.DebugMon_Handler) for DebugMon_Handler
    startup_stm32f407xx.o(RESET) refers to stm32f4xx_it.o(i.PendSV_Handler) for PendSV_Handler
    startup_stm32f407xx.o(RESET) refers to stm32f4xx_it.o(i.SysTick_Handler) for SysTick_Handler
    startup_stm32f407xx.o(RESET) refers to stm32f4xx_it.o(i.DMA1_Stream1_IRQHandler) for DMA1_Stream1_IRQHandler
    startup_stm32f407xx.o(RESET) refers to stm32f4xx_it.o(i.CAN1_TX_IRQHandler) for CAN1_TX_IRQHandler
    startup_stm32f407xx.o(RESET) refers to stm32f4xx_it.o(i.CAN1_RX0_IRQHandler) for CAN1_RX0_IRQHandler
    startup_stm32f407xx.o(RESET) refers to stm32f4xx_it.o(i.CAN1_RX1_IRQHandler) for CAN1_RX1_IRQHandler
    startup_stm32f407xx.o(RESET) refers to stm32f4xx_it.o(i.USART1_IRQHandler) for USART1_IRQHandler
    startup_stm32f407xx.o(RESET) refers to remote_control.o(i.USART3_IRQHandler) for USART3_IRQHandler
    startup_stm32f407xx.o(RESET) refers to stm32f4xx_it.o(i.CAN2_TX_IRQHandler) for CAN2_TX_IRQHandler
    startup_stm32f407xx.o(RESET) refers to stm32f4xx_it.o(i.CAN2_RX0_IRQHandler) for CAN2_RX0_IRQHandler
    startup_stm32f407xx.o(RESET) refers to stm32f4xx_it.o(i.CAN2_RX1_IRQHandler) for CAN2_RX1_IRQHandler
    startup_stm32f407xx.o(RESET) refers to stm32f4xx_it.o(i.DMA2_Stream7_IRQHandler) for DMA2_Stream7_IRQHandler
    startup_stm32f407xx.o(.text) refers (Special) to heapauxi.o(.text) for __use_two_region_memory
    startup_stm32f407xx.o(.text) refers to system_stm32f4xx.o(i.SystemInit) for SystemInit
    startup_stm32f407xx.o(.text) refers to __main.o(!!!main) for __main
    startup_stm32f407xx.o(.text) refers to startup_stm32f407xx.o(HEAP) for Heap_Mem
    startup_stm32f407xx.o(.text) refers to startup_stm32f407xx.o(STACK) for Stack_Mem
    main.o(i.SystemClock_Config) refers to rt_memclr_w.o(.text) for __aeabi_memclr4
    main.o(i.SystemClock_Config) refers to stm32f4xx_hal_rcc.o(i.HAL_RCC_OscConfig) for HAL_RCC_OscConfig
    main.o(i.SystemClock_Config) refers to stm32f4xx_hal_rcc.o(i.HAL_RCC_ClockConfig) for HAL_RCC_ClockConfig
    main.o(i.main) refers to stm32f4xx_hal.o(i.HAL_Init) for HAL_Init
    main.o(i.main) refers to main.o(i.SystemClock_Config) for SystemClock_Config
    main.o(i.main) refers to gpio.o(i.MX_GPIO_Init) for MX_GPIO_Init
    main.o(i.main) refers to dma.o(i.MX_DMA_Init) for MX_DMA_Init
    main.o(i.main) refers to can.o(i.MX_CAN1_Init) for MX_CAN1_Init
    main.o(i.main) refers to can.o(i.MX_CAN2_Init) for MX_CAN2_Init
    main.o(i.main) refers to usart.o(i.MX_USART1_UART_Init) for MX_USART1_UART_Init
    main.o(i.main) refers to usart.o(i.MX_USART3_UART_Init) for MX_USART3_UART_Init
    main.o(i.main) refers to remote_control.o(i.remote_control_init) for remote_control_init
    main.o(i.main) refers to bsp_usart_1.o(i.usart1_tx_dma_init) for usart1_tx_dma_init
    main.o(i.main) refers to remote_control.o(i.get_remote_control_point) for get_remote_control_point
    main.o(i.main) refers to bsp_motor.o(i.bsp_motor_init) for bsp_motor_init
    main.o(i.main) refers to bsp_pid.o(i.BSP_PID_Init) for BSP_PID_Init
    main.o(i.main) refers to bsp_can.o(i.CAN_Init) for CAN_Init
    main.o(i.main) refers to main.o(.data) for .data
    main.o(i.main) refers to bsp_motor.o(.bss) for motor_manage_object1
    main.o(i.main) refers to bsp_motor.o(.bss) for motor_manage_object2
    main.o(i.main) refers to bsp_motor.o(.bss) for motor_manage_object3
    main.o(i.main) refers to bsp_motor.o(.bss) for motor_manage_object4
    main.o(i.main) refers to bsp_motor.o(.bss) for motor_manage_object5
    main.o(i.main) refers to bsp_motor.o(.bss) for motor_manage_object6
    main.o(i.main) refers to bsp_motor.o(.bss) for motor_manage_object7
[...]
    ../fplib/printf1.s                       0x00000000   Number         0  printf1.o ABSOLUTE
    ../fplib/printf2.s                       0x00000000   Number         0  printf2.o ABSOLUTE
    ../fplib/printf2a.s                      0x00000000   Number         0  printf2a.o ABSOLUTE
    ../fplib/printf2b.s                      0x00000000   Number         0  printf2b.o ABSOLUTE
    ../fplib/usenofp.s                       0x00000000   Number         0  usenofp.o ABSOLUTE
    ../mathlib/fpclassify.c                  0x00000000   Number         0  fpclassify.o ABSOLUTE
    ..\Core\Src\can.c                        0x00000000   Number         0  can.o ABSOLUTE
    ..\Core\Src\dma.c                        0x00000000   Number         0  dma.o ABSOLUTE
    ..\Core\Src\gpio.c                       0x00000000   Number         0  gpio.o ABSOLUTE
    ..\Core\Src\main.c                       0x00000000   Number         0  main.o ABSOLUTE
    ..\Core\Src\stm32f4xx_hal_msp.c          0x00000000   Number         0  stm32f4xx_hal_msp.o ABSOLUTE
    ..\Core\Src\stm32f4xx_it.c               0x00000000   Number         0  stm32f4xx_it.o ABSOLUTE
    ..\Core\Src\system_stm32f4xx.c           0x00000000   Number         0  system_stm32f4xx.o ABSOLUTE
    ..\Core\Src\usart.c                      0x00000000   Number         0  usart.o ABSOLUTE
    ..\Drivers\STM32F4xx_HAL_Driver\Src\stm32f4xx_hal.c 0x00000000   Number         0  stm32f4xx_hal.o ABSOLUTE
    ..\Drivers\STM32F4xx_HAL_Driver\Src\stm32f4xx_hal_can.c 0x00000000   Number         0  stm32f4xx_hal_can.o ABSOLUTE
    ..\Drivers\STM32F4xx_HAL_Driver\Src\stm32f4xx_hal_cortex.c 0x00000000   Number         0  stm32f4xx_hal_cortex.o ABSOLUTE
    ..\Drivers\STM32F4xx_HAL_Driver\Src\stm32f4xx_hal_dma.c 0x00000000   Number         0  stm32f4xx_hal_dma.o ABSOLUTE
    ..\Drivers\STM32F4xx_HAL_Driver\Src\stm32f4xx_hal_dma_ex.c 0x00000000   Number         0  stm32f4xx_hal_dma_ex.o ABSOLUTE
    ..\Drivers\STM32F4xx_HAL_Driver\Src\stm32f4xx_hal_exti.c 0x00000000   Number         0  stm32f4xx_hal_exti.o ABSOLUTE
    ..\Drivers\STM32F4xx_HAL_Driver\Src\stm32f4xx_hal_flash.c 0x00000000   Number         0  stm32f4xx_hal_flash.o ABSOLUTE
    ..\Drivers\STM32F4xx_HAL_Driver\Src\stm32f4xx_hal_flash_ex.c 0x00000000   Number         0  stm32f4xx_hal_flash_ex.o ABSOLUTE
    ..\Drivers\STM32F4xx_HAL_Driver\Src\stm32f4xx_hal_flash_ramfunc.c 0x00000000   Number         0  stm32f4xx_hal_flash_ramfunc.o ABSOLUTE
    ..\Drivers\STM32F4xx_HAL_Driver\Src\stm32f4xx_hal_gpio.c 0x00000000   Number         0  stm32f4xx_hal_gpio.o ABSOLUTE
    ..\Drivers\STM32F4xx_HAL_Driver\Src\stm32f4xx_hal_pwr.c 0x00000000   Number         0  stm32f4xx_hal_pwr.o ABSOLUTE
    ..\Drivers\STM32F4xx_HAL_Driver\Src\stm32f4xx_hal_pwr_ex.c 0x00000000   Number         0  stm32f4xx_hal_pwr_ex.o ABSOLUTE
    ..\Drivers\STM32F4xx_HAL_Driver\Src\stm32f4xx_hal_rcc.c 0x00000000   Number         0  stm32f4xx_hal_rcc.o ABSOLUTE
    ..\Drivers\STM32F4xx_HAL_Driver\Src\stm32f4xx_hal_rcc_ex.c 0x00000000   Number         0  stm32f4xx_hal_rcc_ex.o ABSOLUTE
    ..\Drivers\STM32F4xx_HAL_Driver\Src\stm32f4xx_hal_tim.c 0x00000000   Number         0  stm32f4xx_hal_tim.o ABSOLUTE
    ..\Drivers\STM32F4xx_HAL_Driver\Src\stm32f4xx_hal_tim_ex.c 0x00000000   Number         0  stm32f4xx_hal_tim_ex.o ABSOLUTE
    ..\Drivers\STM32F4xx_HAL_Driver\Src\stm32f4xx_hal_uart.c 0x00000000   Number         0  stm32f4xx_hal_uart.o ABSOLUTE
    ..\\bsp\\src\\bsp_can.c                  0x00000000   Number         0  bsp_can.o ABSOLUTE
    ..\\bsp\\src\\bsp_motor.c                0x00000000   Number         0  bsp_motor.o ABSOLUTE
    ..\\bsp\\src\\bsp_pid.c                  0x00000000   Number         0  bsp_pid.o ABSOLUTE
    ..\\bsp\\src\\bsp_rc.c                   0x00000000   Number         0  bsp_rc.o ABSOLUTE
    ..\\bsp\\src\\bsp_usart.c                0x00000000   Number         0  bsp_usart_1.o ABSOLUTE
    ..\\bsp\\src\\remote_control.c           0x00000000   Number         0  remote_control.o ABSOLUTE
    ..\bsp\src\bsp_can.c                     0x00000000   Number         0  bsp_can.o ABSOLUTE
    ..\bsp\src\bsp_motor.c                   0x00000000   Number         0  bsp_motor.o ABSOLUTE
    ..\bsp\src\bsp_pid.c                     0x00000000   Number         0  bsp_pid.o ABSOLUTE
    ..\bsp\src\bsp_rc.c                      0x00000000   Number         0  bsp_rc.o ABSOLUTE
    ..\bsp\src\bsp_usart.c                   0x00000000   Number         0  bsp_usart_1.o ABSOLUTE
    ..\bsp\src\remote_control.c              0x00000000   Number         0  remote_control.o ABSOLUTE
    dc.s                                     0x00000000   Number         0  dc.o ABSOLUTE
    startup_stm32f407xx.s                    0x00000000   Number         0  startup_stm32f407xx.o ABSOLUTE
    RESET                                    0x08000000   Section      392  startup_stm32f407xx.o(RESET)
    !!!main                                  0x08000188   Section        8  __main.o(!!!main)
    !!!scatter                               0x08000190   Section       52  __scatter.o(!!!scatter)
    !!handler_copy                           0x080001c4   Section       26  __scatter_copy.o(!!handler_copy)
    !!handler_zi                             0x080001e0   Section       28  __scatter_zi.o(!!handler_zi)
    .ARM.Collect$$libinit$$00000000          0x080001fc   Section        2  libinit.o(.ARM.Collect$$libinit$$00000000)
    .ARM.Collect$$libinit$$00000001          0x080001fe   Section        4  libinit2.o(.ARM.Collect$$libinit$$00000001)
    .ARM.Collect$$libinit$$00000004          0x08000202   Section        0  libinit2.o(.ARM.Collect$$libinit$$00000004)
    .ARM.Collect$$libinit$$0000000A          0x08000202   Section        0  libinit2.o(.ARM.Collect$$libinit$$0000000A)
    .ARM.Collect$$libinit$$0000000C          0x08000202   Section        0  libinit2.o(.ARM.Collect$$libinit$$0000000C)
    .ARM.Collect$$libinit$$0000000E          0x08000202   Section        0  libinit2.o(.ARM.Collect$$libinit$$0000000E)
    .ARM.Collect$$libinit$$00000011          0x08000202   Section        0  libinit2.o(.ARM.Collect$$libinit$$00000011)
    .ARM.Collect$$libinit$$00000013          0x08000202   Section        0  libinit2.o(.ARM.Collect$$libinit$$00000013)
    .ARM.Collect$$libinit$$00000015          0x08000202   Section        0  libinit2.o(.ARM.Collect$$libinit$$00000015)
    .ARM.Collect$$libinit$$00000017          0x08000202   Section        0  libinit2.o(.ARM.Collect$$libinit$$00000017)
    .ARM.Collect$$libinit$$00000019          0x08000202   Section        0  libinit2.o(.ARM.Collect$$libinit$$00000019)
    .ARM.Collect$$libinit$$0000001B          0x08000202   Section        0  libinit2.o(.ARM.Collect$$libinit$$0000001B)
    .ARM.Collect$$libinit$$0000001D          0x08000202   Section        0  libinit2.o(.ARM.Collect$$libinit$$0000001D)
    .ARM.Collect$$libinit$$0000001F          0x08000202   Section        0  libinit2.o(.ARM.Collect$$libinit$$0000001F)
    .ARM.Collect$$libinit$$00000021          0x08000202   Section        0  libinit2.o(.ARM.Collect$$libinit$$00000021)
    .ARM.Collect$$libinit$$00000023          0x08000202   Section        0  libinit2.o(.ARM.Collect$$libinit$$00000023)
    .ARM.Collect$$libinit$$00000025          0x08000202   Section        0  libinit2.o(.ARM.Collect$$libinit$$00000025)
    .ARM.Collect$$libinit$$0000002C          0x08000202   Section        0  libinit2.o(.ARM.Collect$$libinit$$0000002C)
    .ARM.Collect$$libinit$$0000002E          0x08000202   Section        0  libinit2.o(.ARM.Collect$$libinit$$0000002E)
    .ARM.Collect$$libinit$$00000030          0x08000202   Section        0  libinit2.o(.ARM.Collect$$libinit$$00000030)
    .ARM.Collect$$libinit$$00000032          0x08000202   Section        0  libinit2.o(.ARM.Collect$$libinit$$00000032)
    .ARM.Collect$$libinit$$00000033          0x08000202   Section        2  libinit2.o(.ARM.Collect$$libinit$$00000033)
    .ARM.Collect$$libshutdown$$00000000      0x08000204   Section        2  libshutdown.o(.ARM.Collect$$libshutdown$$00000000)
    .ARM.Collect$$libshutdown$$00000002      0x08000206   Section        0  libshutdown2.o(.ARM.Collect$$libshutdown$$00000002)
    .ARM.Collect$$libshutdown$$00000004      0x08000206   Section        0  libshutdown2.o(.ARM.Collect$$libshutdown$$00000004)
    .ARM.Collect$$libshutdown$$00000006      0x08000206   Section        0  libshutdown2.o(.ARM.Collect$$libshutdown$$00000006)
    .ARM.Collect$$libshutdown$$00000009      0x08000206   Section        0  libshutdown2.o(.ARM.Collect$$libshutdown$$00000009)
    .ARM.Collect$$libshutdown$$0000000C      0x08000206   Section        0  libshutdown2.o(.ARM.Collect$$libshutdown$$0000000C)
    .ARM.Collect$$libshutdown$$0000000E      0x08000206   Section        0  libshutdown2.o(.ARM.Collect$$libshutdown$$0000000E)
    .ARM.Collect$$libshutdown$$00000011      0x08000206   Section        0  libshutdown2.o(.ARM.Collect$$libshutdown$$00000011)
    .ARM.Collect$$libshutdown$$00000012      0x08000206   Section        2  libshutdown2.o(.ARM.Collect$$libshutdown$$00000012)
    .ARM.Collect$$rtentry$$00000000          0x08000208   Section        0  __rtentry.o(.ARM.Collect$$rtentry$$00000000)
    .ARM.Collect$$rtentry$$00000002          0x08000208   Section        0  __rtentry2.o(.ARM.Collect$$rtentry$$00000002)
    .ARM.Collect$$rtentry$$00000004          0x08000208   Section        6  __rtentry4.o(.ARM.Collect$$rtentry$$00000004)
    .ARM.Collect$$rtentry$$00000009          0x0800020e   Section        0  __rtentry2.o(.ARM.Collect$$rtentry$$00000009)
    .ARM.Collect$$rtentry$$0000000A          0x0800020e   Section        4  __rtentry2.o(.ARM.Collect$$rtentry$$0000000A)
    .ARM.Collect$$rtentry$$0000000C          0x08000212   Section        0  __rtentry2.o(.ARM.Collect$$rtentry$$0000000C)
    .ARM.Collect$$rtentry$$0000000D          0x08000212   Section        8  __rtentry2.o(.ARM.Collect$$rtentry$$0000000D)
    .ARM.Collect$$rtexit$$00000000           0x0800021a   Section        2  rtexit.o(.ARM.Collect$$rtexit$$00000000)
    .ARM.Collect$$rtexit$$00000002           0x0800021c   Section        0  rtexit2.o(.ARM.Collect$$rtexit$$00000002)
    .ARM.Collect$$rtexit$$00000003           0x0800021c   Section        4  rtexit2.o(.ARM.Collect$$rtexit$$00000003)
    .ARM.Collect$$rtexit$$00000004           0x08000220   Section        6  rtexit2.o(.ARM.Collect$$rtexit$$00000004)
    .text                                    0x08000228   Section       64  startup_stm32f407xx.o(.text)
    $v0                                      0x08000228   Number         0  startup_stm32f407xx.o(.text)
    .text                                    0x08000268   Section      238  lludivv7m.o(.text)
    .text                                    0x08000356   Section      100  rt_memcpy_w.o(.text)
    .text                                    0x080003ba   Section       78  rt_memclr_w.o(.text)
    .text                                    0x08000408   Section        0  heapauxi.o(.text)
    .text                                    0x0800040e   Section       74  sys_stackheap_outer.o(.text)
    .text                                    0x08000458   Section        0  exit.o(.text)
    .text                                    0x0800046c   Section        8  libspace.o(.text)
    .text                                    0x08000474   Section        0  sys_exit.o(.text)
    .text                                    0x08000480   Section        2  use_no_semi.o(.text)
    .text                                    0x08000482   Section        0  indicate_semi.o(.text)
    i.BSP_PID_Init                           0x08000484   Section        0  bsp_pid.o(i.BSP_PID_Init)
    i.BSP_PID_Model1_Update                  0x080004c0   Section        0  bsp_pid.o(i.BSP_PID_Model1_Update)
    i.BSP_PID_Model2_Update                  0x08000556   Section        0  bsp_pid.o(i.BSP_PID_Model2_Update)
    i.BusFault_Handler                       0x080005de   Section        0  stm32f4xx_it.o(i.BusFault_Handler)
    i.CAN1_RX0_IRQHandler                    0x080005e0   Section        0  stm32f4xx_it.o(i.CAN1_RX0_IRQHandler)
    i.CAN1_RX1_IRQHandler                    0x080005ec   Section        0  stm32f4xx_it.o(i.CAN1_RX1_IRQHandler)
    i.CAN1_TX_IRQHandler                     0x080005f8   Section        0  stm32f4xx_it.o(i.CAN1_TX_IRQHandler)
    i.CAN2_RX0_IRQHandler                    0x08000604   Section        0  stm32f4xx_it.o(i.CAN2_RX0_IRQHandler)
    i.CAN2_RX1_IRQHandler                    0x08000610   Section        0  stm32f4xx_it.o(i.CAN2_RX1_IRQHandler)
    i.CAN2_TX_IRQHandler                     0x0800061c   Section        0  stm32f4xx_it.o(i.CAN2_TX_IRQHandler)
    i.CAN_Filter_Mask_Config                 0x08000628   Section        0  bsp_can.o(i.CAN_Filter_Mask_Config)
    i.CAN_Init                               0x08000680   Section        0  bsp_can.o(i.CAN_Init)
    i.CAN_Send_Data                          0x080006d4   Section        0  bsp_can.o(i.CAN_Send_Data)
    i.DMA1_Stream1_IRQHandler                0x080006f0   Section        0  stm32f4xx_it.o(i.DMA1_Stream1_IRQHandler)
    i.DMA2_Stream7_IRQHandler                0x080006fc   Section        0  stm32f4xx_it.o(i.DMA2_Stream7_IRQHandler)
    i.DMA_CalcBaseAndBitshift                0x08000708   Section        0  stm32f4xx_hal_dma.o(i.DMA_CalcBaseAndBitshift)
    DMA_CalcBaseAndBitshift                  0x08000709   Thumb Code    34  stm32f4xx_hal_dma.o(i.DMA_CalcBaseAndBitshift)
    i.DMA_CheckFifoParam                     0x08000730   Section        0  stm32f4xx_hal_dma.o(i.DMA_CheckFifoParam)
    DMA_CheckFifoParam                       0x08000731   Thumb Code    84  stm32f4xx_hal_dma.o(i.DMA_CheckFifoParam)
    i.DebugMon_Handler                       0x08000784   Section        0  stm32f4xx_it.o(i.DebugMon_Handler)
    i.Error_Handler                          0x08000786   Section        0  main.o(i.Error_Handler)
    i.HAL_CAN_ActivateNotification           0x0800078a   Section        0  stm32f4xx_hal_can.o(i.HAL_CAN_ActivateNotification)
    i.HAL_CAN_AddTxMessage                   0x080007ae   Section        0  stm32f4xx_hal_can.o(i.HAL_CAN_AddTxMessage)
    i.HAL_CAN_ConfigFilter                   0x08000880   Section        0  stm32f4xx_hal_can.o(i.HAL_CAN_ConfigFilter)
    i.HAL_CAN_ErrorCallback                  0x0800098c   Section        0  stm32f4xx_hal_can.o(i.HAL_CAN_ErrorCallback)
    i.HAL_CAN_GetRxMessage                   0x0800098e   Section        0  stm32f4xx_hal_can.o(i.HAL_CAN_GetRxMessage)
    i.HAL_CAN_IRQHandler                     0x08000a82   Section        0  stm32f4xx_hal_can.o(i.HAL_CAN_IRQHandler)
    i.HAL_CAN_Init                           0x08000c7e   Section        0  stm32f4xx_hal_can.o(i.HAL_CAN_Init)
    i.HAL_CAN_MspInit                        0x08000d98   Section        0  can.o(i.HAL_CAN_MspInit)
    i.HAL_CAN_RxFifo0FullCallback            0x08000ed4   Section        0  stm32f4xx_hal_can.o(i.HAL_CAN_RxFifo0FullCallback)
    i.HAL_CAN_RxFifo0MsgPendingCallback      0x08000ed8   Section        0  bsp_can.o(i.HAL_CAN_RxFifo0MsgPendingCallback)
    i.HAL_CAN_RxFifo1FullCallback            0x08000f54   Section        0  stm32f4xx_hal_can.o(i.HAL_CAN_RxFifo1FullCallback)
    i.HAL_CAN_RxFifo1MsgPendingCallback      0x08000f58   Section        0  bsp_can.o(i.HAL_CAN_RxFifo1MsgPendingCallback)
    i.HAL_CAN_SleepCallback                  0x08000f98   Section        0  stm32f4xx_hal_can.o(i.HAL_CAN_SleepCallback)
    i.HAL_CAN_Start                          0x08000f9c   Section        0  stm32f4xx_hal_can.o(i.HAL_CAN_Start)
    i.HAL_CAN_TxMailbox0AbortCallback        0x08000ff4   Section        0  stm32f4xx_hal_can.o(i.HAL_CAN_TxMailbox0AbortCallback)
    i.HAL_CAN_TxMailbox0CompleteCallback     0x08000ff6   Section        0  stm32f4xx_hal_can.o(i.HAL_CAN_TxMailbox0CompleteCallback)
    i.HAL_CAN_TxMailbox1AbortCallback        0x08000ff8   Section        0  stm32f4xx_hal_can.o(i.HAL_CAN_TxMailbox1AbortCallback)
    i.HAL_CAN_TxMailbox1CompleteCallback     0x08000ffa   Section        0  stm32f4xx_hal_can.o(i.HAL_CAN_TxMailbox1CompleteCallback)
    i.HAL_CAN_TxMailbox2AbortCallback        0x08000ffc   Section        0  stm32f4xx_hal_can.o(i.HAL_CAN_TxMailbox2AbortCallback)
    i.HAL_CAN_TxMailbox2CompleteCallback     0x08000ffe   Section        0  stm32f4xx_hal_can.o(i.HAL_CAN_TxMailbox2CompleteCallback)
    i.HAL_CAN_WakeUpFromRxMsgCallback        0x08001000   Section        0  stm32f4xx_hal_can.o(i.HAL_CAN_WakeUpFromRxMsgCallback)
    i.HAL_DMA_Abort                          0x08001002   Section        0  stm32f4xx_hal_dma.o(i.HAL_DMA_Abort)
    i.HAL_DMA_Abort_IT                       0x08001094   Section        0  stm32f4xx_hal_dma.o(i.HAL_DMA_Abort_IT)
    i.HAL_DMA_IRQHandler                     0x080010b8   Section        0  stm32f4xx_hal_dma.o(i.HAL_DMA_IRQHandler)
    i.HAL_DMA_Init                           0x08001258   Section        0  stm32f4xx_hal_dma.o(i.HAL_DMA_Init)
    i.HAL_GPIO_Init                          0x0800132c   Section        0  stm32f4xx_hal_gpio.o(i.HAL_GPIO_Init)
    i.HAL_GetTick                            0x0800151c   Section        0  stm32f4xx_hal.o(i.HAL_GetTick)
    i.HAL_IncTick                            0x08001528   Section        0  stm32f4xx_hal.o(i.HAL_IncTick)
    i.HAL_Init                               0x08001538   Section        0  stm32f4xx_hal.o(i.HAL_Init)
    i.HAL_InitTick                           0x0800156c   Section        0  stm32f4xx_hal.o(i.HAL_InitTick)
    i.HAL_MspInit                            0x080015ac   Section        0  stm32f4xx_hal_msp.o(i.HAL_MspInit)
    i.HAL_NVIC_EnableIRQ                     0x080015dc   Section        0  stm32f4xx_hal_cortex.o(i.HAL_NVIC_EnableIRQ)
    i.HAL_NVIC_SetPriority                   0x080015f8   Section        0  stm32f4xx_hal_cortex.o(i.HAL_NVIC_SetPriority)
    i.HAL_NVIC_SetPriorityGrouping           0x08001638   Section        0  stm32f4xx_hal_cortex.o(i.HAL_NVIC_SetPriorityGrouping)
    i.HAL_RCC_ClockConfig                    0x0800165c   Section        0  stm32f4xx_hal_rcc.o(i.HAL_RCC_ClockConfig)
    i.HAL_RCC_GetPCLK1Freq                   0x08001790   Section        0  stm32f4xx_hal_rcc.o(i.HAL_RCC_GetPCLK1Freq)
    i.HAL_RCC_GetPCLK2Freq                   0x080017b0   Section        0  stm32f4xx_hal_rcc.o(i.HAL_RCC_GetPCLK2Freq)
    i.HAL_RCC_GetSysClockFreq                0x080017d0   Section        0  stm32f4xx_hal_rcc.o(i.HAL_RCC_GetSysClockFreq)
    i.HAL_RCC_OscConfig                      0x08001834   Section        0  stm32f4xx_hal_rcc.o(i.HAL_RCC_OscConfig)
    i.HAL_SYSTICK_Config                     0x08001ba0   Section        0  stm32f4xx_hal_cortex.o(i.HAL_SYSTICK_Config)
    i.HAL_UARTEx_RxEventCallback             0x08001bc8   Section        0  stm32f4xx_hal_uart.o(i.HAL_UARTEx_RxEventCallback)
    i.HAL_UART_ErrorCallback                 0x08001bca   Section        0  stm32f4xx_hal_uart.o(i.HAL_UART_ErrorCallback)
    i.HAL_UART_IRQHandler                    0x08001bcc   Section        0  stm32f4xx_hal_uart.o(i.HAL_UART_IRQHandler)
    i.HAL_UART_Init                          0x08001e3c   Section        0  stm32f4xx_hal_uart.o(i.HAL_UART_Init)
    i.HAL_UART_MspInit                       0x08001ea0   Section        0  usart.o(i.HAL_UART_MspInit)
    i.HAL_UART_RxCpltCallback                0x0800200c   Section        0  stm32f4xx_hal_uart.o(i.HAL_UART_RxCpltCallback)
    i.HAL_UART_TxCpltCallback                0x0800200e   Section        0  stm32f4xx_hal_uart.o(i.HAL_UART_TxCpltCallback)
    i.HardFault_Handler                      0x08002010   Section        0  stm32f4xx_it.o(i.HardFault_Handler)
    i.MX_CAN1_Init                           0x08002014   Section        0  can.o(i.MX_CAN1_Init)
    i.MX_CAN2_Init                           0x08002058   Section        0  can.o(i.MX_CAN2_Init)
    i.MX_DMA_Init                            0x0800209c   Section        0  dma.o(i.MX_DMA_Init)
    i.MX_GPIO_Init                           0x080020e8   Section        0  gpio.o(i.MX_GPIO_Init)
    i.MX_USART1_UART_Init                    0x08002134   Section        0  usart.o(i.MX_USART1_UART_Init)
    i.MX_USART3_UART_Init                    0x0800216c   Section        0  usart.o(i.MX_USART3_UART_Init)
    i.MemManage_Handler                      0x080021ac   Section        0  stm32f4xx_it.o(i.MemManage_Handler)
    i.NMI_Handler                            0x080021ae   Section        0  stm32f4xx_it.o(i.NMI_Handler)
    i.PendSV_Handler                         0x080021b0   Section        0  stm32f4xx_it.o(i.PendSV_Handler)
    i.RC_init                                0x080021b4   Section        0  bsp_rc.o(i.RC_init)
    i.SVC_Handler                            0x08002214   Section        0  stm32f4xx_it.o(i.SVC_Handler)
    i.SysTick_Handler                        0x08002216   Section        0  stm32f4xx_it.o(i.SysTick_Handler)
    i.SystemClock_Config                     0x0800221c   Section        0  main.o(i.SystemClock_Config)
    i.SystemInit                             0x080022b0   Section        0  system_stm32f4xx.o(i.SystemInit)
    i.UART_DMAAbortOnError                   0x080022c0   Section        0  stm32f4xx_hal_uart.o(i.UART_DMAAbortOnError)
    UART_DMAAbortOnError                     0x080022c1   Thumb Code    16  stm32f4xx_hal_uart.o(i.UART_DMAAbortOnError)
    i.UART_EndRxTransfer                     0x080022d0   Section        0  stm32f4xx_hal_uart.o(i.UART_EndRxTransfer)
    UART_EndRxTransfer                       0x080022d1   Thumb Code    78  stm32f4xx_hal_uart.o(i.UART_EndRxTransfer)
    i.UART_Receive_IT                        0x0800231e   Section        0  stm32f4xx_hal_uart.o(i.UART_Receive_IT)
    UART_Receive_IT                          0x0800231f   Thumb Code   194  stm32f4xx_hal_uart.o(i.UART_Receive_IT)
    i.UART_SetConfig                         0x080023e0   Section        0  stm32f4xx_hal_uart.o(i.UART_SetConfig)
    UART_SetConfig                           0x080023e1   Thumb Code   258  stm32f4xx_hal_uart.o(i.UART_SetConfig)
    i.USART1_IRQHandler                      0x080024ec   Section        0  stm32f4xx_it.o(i.USART1_IRQHandler)
    i.USART3_IRQHandler                      0x080024f8   Section        0  remote_control.o(i.USART3_IRQHandler)
    i.UsageFault_Handler                     0x080025ac   Section        0  stm32f4xx_it.o(i.UsageFault_Handler)
    i.__NVIC_SetPriority                     0x080025ae   Section        0  stm32f4xx_hal_cortex.o(i.__NVIC_SetPriority)
    __NVIC_SetPriority                       0x080025af   Thumb Code    32  stm32f4xx_hal_cortex.o(i.__NVIC_SetPriority)
    i.abs_limit                              0x080025ce   Section        0  bsp_pid.o(i.abs_limit)
    abs_limit                                0x080025cf   Thumb Code    42  bsp_pid.o(i.abs_limit)
    i.bsp_motor_init                         0x080025f8   Section        0  bsp_motor.o(i.bsp_motor_init)
    i.bsp_motor_state_change                 0x08002748   Section        0  bsp_motor.o(i.bsp_motor_state_change)
    i.buffer_to_motor_state                  0x0800315c   Section        0  bsp_can.o(i.buffer_to_motor_state)
    i.can_fifo_callback                      0x080032c0   Section        0  bsp_can.o(i.can_fifo_callback)
    i.get_remote_control_point               0x08003320   Section        0  remote_control.o(i.get_remote_control_point)
    i.main                                   0x08003328   Section        0  main.o(i.main)
    i.quanshu_to_theta                       0x080034b0   Section        0  bsp_motor.o(i.quanshu_to_theta)
    i.remote_control_init                    0x080034c8   Section        0  remote_control.o(i.remote_control_init)
    i.sbus_to_rc                             0x080034d8   Section        0  remote_control.o(i.sbus_to_rc)
    sbus_to_rc                               0x080034d9   Thumb Code   180  remote_control.o(i.sbus_to_rc)
    i.usart1_tx_dma_init                     0x0800358c   Section        0  bsp_usart_1.o(i.usart1_tx_dma_init)
    x$fpl$fpinit                             0x080035a0   Section       10  fpinit.o(x$fpl$fpinit)
    $v0                                      0x080035a0   Number         0  fpinit.o(x$fpl$fpinit)
    .constdata                               0x080035aa   Section        8  stm32f4xx_hal_dma.o(.constdata)
    flagBitshiftOffset                       0x080035aa   Data           8  stm32f4xx_hal_dma.o(.constdata)
    .constdata                               0x080035b2   Section       16  system_stm32f4xx.o(.constdata)
    .constdata                               0x080035c2   Section        8  system_stm32f4xx.o(.constdata)
    .data                                    0x20000000   Section        4  main.o(.data)
    .data                                    0x20000004   Section        4  can.o(.data)
    HAL_RCC_CAN1_CLK_ENABLED                 0x20000004   Data           4  can.o(.data)
    .data                                    0x20000008   Section       12  stm32f4xx_hal.o(.data)
    .data                                    0x20000014   Section        4  system_stm32f4xx.o(.data)
    .data                                    0x20000018   Section       24  bsp_can.o(.data)
    .data                                    0x20000030   Section        2  remote_control.o(.data)
    this_time_rx_len                         0x20000030   Data           2  remote_control.o(.data)
    .bss                                     0x20000034   Section       80  can.o(.bss)
    .bss                                     0x20000084   Section      336  usart.o(.bss)
    .bss                                     0x200001d4   Section       88  bsp_can.o(.bss)
    .bss                                     0x2000022c   Section      168  bsp_motor.o(.bss)
    .bss                                     0x200002d4   Section      168  bsp_motor.o(.bss)
    .bss                                     0x2000037c   Section      168  bsp_motor.o(.bss)
    .bss                                     0x20000424   Section      168  bsp_motor.o(.bss)
    .bss                                     0x200004cc   Section      168  bsp_motor.o(.bss)
    .bss                                     0x20000574   Section      168  bsp_motor.o(.bss)
    .bss                                     0x2000061c   Section      168  bsp_motor.o(.bss)
    .bss                                     0x200006c4   Section      168  bsp_motor.o(.bss)
    .bss                                     0x2000076c   Section      168  bsp_motor.o(.bss)
    .bss                                     0x20000814   Section      168  bsp_motor.o(.bss)
    .bss                                     0x200008bc   Section      168  bsp_motor.o(.bss)
    .bss                                     0x20000964   Section       64  bsp_pid.o(.bss)
    .bss                                     0x200009a4   Section       64  bsp_pid.o(.bss)
    .bss                                     0x200009e4   Section       64  bsp_pid.o(.bss)
    .bss                                     0x20000a24   Section       64  bsp_pid.o(.bss)
    .bss                                     0x20000a64   Section       64  bsp_pid.o(.bss)
    .bss                                     0x20000aa4   Section       64  bsp_pid.o(.bss)
    .bss                                     0x20000ae4   Section       64  bsp_pid.o(.bss)
    .bss                                     0x20000b24   Section       64  bsp_pid.o(.bss)
    .bss                                     0x20000b64   Section       64  bsp_pid.o(.bss)
    .bss                                     0x20000ba4   Section       64  bsp_pid.o(.bss)
    .bss                                     0x20000be4   Section       64  bsp_pid.o(.bss)
    .bss                                     0x20000c24   Section       64  bsp_pid.o(.bss)
    .bss                                     0x20000c64   Section       64  bsp_pid.o(.bss)
    .bss                                     0x20000ca4   Section       64  bsp_pid.o(.bss)
    .bss                                     0x20000ce4   Section       64  bsp_pid.o(.bss)
    .bss                                     0x20000d24   Section       64  bsp_pid.o(.bss)
    .bss                                     0x20000d64   Section       64  bsp_pid.o(.bss)
    .bss                                     0x20000da4   Section       64  bsp_pid.o(.bss)
    .bss                                     0x20000de4   Section       64  bsp_pid.o(.bss)
    .bss                                     0x20000e24   Section       64  bsp_pid.o(.bss)
    .bss                                     0x20000e64   Section       64  bsp_pid.o(.bss)
    .bss                                     0x20000ea4   Section       64  bsp_pid.o(.bss)
    .bss                                     0x20000ee4   Section       94  remote_control.o(.bss)
    sbus_rx_buf                              0x20000efa   Data          72  remote_control.o(.bss)
    .bss                                     0x20000f44   Section       96  libspace.o(.bss)
    HEAP                                     0x20000fa8   Section      512  startup_stm32f407xx.o(HEAP)
    Heap_Mem                                 0x20000fa8   Data         512  startup_stm32f407xx.o(HEAP)
    STACK                                    0x200011a8   Section     1024  startup_stm32f407xx.o(STACK)
    Stack_Mem                                0x200011a8   Data        1024  startup_stm32f407xx.o(STACK)
    __initial_sp                             0x200015a8   Data           0  startup_stm32f407xx.o(STACK)

    Global Symbols

    Symbol Name                              Value     Ov Type        Size  Object(Section)

    BuildAttributes$$THM_ISAv4$E$P$D$K$B$S$7EM$VFPi3$EXTD16$VFPS$VFMA$PE$A:L22UL41UL21$X:L11$S22US41US21$IEEE1$IW$USESV6$~STKCKD$USESV7$~SHL$OTIME$ROPI$IEEEJ$EBA8$UX$STANDARDLIB$REQ8$PRES8$EABIv2 0x00000000   Number         0  anon$$obj.o ABSOLUTE
    __ARM_use_no_argv                        0x00000000   Number         0  main.o ABSOLUTE
    _printf_flags                            0x00000000   Number         0  printf_stubs.o ABSOLUTE
    _printf_return_value                     0x00000000   Number         0  printf_stubs.o ABSOLUTE
    _printf_sizespec                         0x00000000   Number         0  printf_stubs.o ABSOLUTE
    _printf_widthprec                        0x00000000   Number         0  printf_stubs.o ABSOLUTE
    __ARM_exceptions_init                     - Undefined Weak Reference
    __alloca_initialize                       - Undefined Weak Reference
    __arm_fini_                               - Undefined Weak Reference
    __arm_preinit_                            - Undefined Weak Reference
    __cpp_initialize__aeabi_                  - Undefined Weak Reference
    __cxa_finalize                            - Undefined Weak Reference
    __sigvec_lookup                           - Undefined Weak Reference
    _atexit_init                              - Undefined Weak Reference
    _call_atexit_fns                          - Undefined Weak Reference
    _clock_init                               - Undefined Weak Reference
    _fp_trap_init                             - Undefined Weak Reference
    _fp_trap_shutdown                         - Undefined Weak Reference
    _get_lc_collate                           - Undefined Weak Reference
    _get_lc_monetary                          - Undefined Weak Reference
    _get_lc_time                              - Undefined Weak Reference
    _getenv_init                              - Undefined Weak Reference
    _handle_redirection                       - Undefined Weak Reference
    _init_alloc                               - Undefined Weak Reference
    _init_user_alloc                          - Undefined Weak Reference
    _initio                                   - Undefined Weak Reference
    _printf_mbtowc                            - Undefined Weak Reference
    _printf_wc                                - Undefined Weak Reference
    _rand_init                                - Undefined Weak Reference
    _signal_finish                            - Undefined Weak Reference
    _signal_init                              - Undefined Weak Reference
    _terminate_alloc                          - Undefined Weak Reference
    _terminate_user_alloc                     - Undefined Weak Reference
    _terminateio                              - Undefined Weak Reference
    __Vectors_Size                           0x00000188   Number         0  startup_stm32f407xx.o ABSOLUTE
    __Vectors                                0x08000000   Data           4  startup_stm32f407xx.o(RESET)
    __Vectors_End                            0x08000188   Data           0  startup_stm32f407xx.o(RESET)
    __main                                   0x08000189   Thumb Code     8  __main.o(!!!main)
    __scatterload                            0x08000191   Thumb Code     0  __scatter.o(!!!scatter)
    __scatterload_rt2                        0x08000191   Thumb Code    44  __scatter.o(!!!scatter)
    __scatterload_rt2_thumb_only             0x08000191   Thumb Code     0  __scatter.o(!!!scatter)
    __scatterload_null                       0x0800019f   Thumb Code     0  __scatter.o(!!!scatter)
    __scatterload_copy                       0x080001c5   Thumb Code    26  __scatter_copy.o(!!handler_copy)
    __scatterload_zeroinit                   0x080001e1   Thumb Code    28  __scatter_zi.o(!!handler_zi)
    __rt_lib_init                            0x080001fd   Thumb Code     0  libinit.o(.ARM.Collect$$libinit$$00000000)
    __rt_lib_init_fp_1                       0x080001ff   Thumb Code     0  libinit2.o(.ARM.Collect$$libinit$$00000001)
    __rt_lib_init_alloca_1                   0x08000203   Thumb Code     0  libinit2.o(.ARM.Collect$$libinit$$0000002E)
    __rt_lib_init_argv_1                     0x08000203   Thumb Code     0  libinit2.o(.ARM.Collect$$libinit$$0000002C)
    __rt_lib_init_atexit_1                   0x08000203   Thumb Code     0  libinit2.o(.ARM.Collect$$libinit$$0000001B)
    __rt_lib_init_clock_1                    0x08000203   Thumb Code     0  libinit2.o(.ARM.Collect$$libinit$$00000021)
    __rt_lib_init_cpp_1                      0x08000203   Thumb Code     0  libinit2.o(.ARM.Collect$$libinit$$00000032)
    __rt_lib_init_exceptions_1               0x08000203   Thumb Code     0  libinit2.o(.ARM.Collect$$libinit$$00000030)
    __rt_lib_init_fp_trap_1                  0x08000203   Thumb Code     0  libinit2.o(.ARM.Collect$$libinit$$0000001F)
    __rt_lib_init_getenv_1                   0x08000203   Thumb Code     0  libinit2.o(.ARM.Collect$$libinit$$00000023)
    __rt_lib_init_heap_1                     0x08000203   Thumb Code     0  libinit2.o(.ARM.Collect$$libinit$$0000000A)
    __rt_lib_init_lc_collate_1               0x08000203   Thumb Code     0  libinit2.o(.ARM.Collect$$libinit$$00000011)
    __rt_lib_init_lc_ctype_1                 0x08000203   Thumb Code     0  libinit2.o(.ARM.Collect$$libinit$$00000013)
    __rt_lib_init_lc_monetary_1              0x08000203   Thumb Code     0  libinit2.o(.ARM.Collect$$libinit$$00000015)
    __rt_lib_init_lc_numeric_1               0x08000203   Thumb Code     0  libinit2.o(.ARM.Collect$$libinit$$00000017)
    __rt_lib_init_lc_time_1                  0x08000203   Thumb Code     0  libinit2.o(.ARM.Collect$$libinit$$00000019)
    __rt_lib_init_preinit_1                  0x08000203   Thumb Code     0  libinit2.o(.ARM.Collect$$libinit$$00000004)
    __rt_lib_init_rand_1                     0x08000203   Thumb Code     0  libinit2.o(.ARM.Collect$$libinit$$0000000E)
    __rt_lib_init_return                     0x08000203   Thumb Code     0  libinit2.o(.ARM.Collect$$libinit$$00000033)
    __rt_lib_init_signal_1                   0x08000203   Thumb Code     0  libinit2.o(.ARM.Collect$$libinit$$0000001D)
    __rt_lib_init_stdio_1                    0x08000203   Thumb Code     0  libinit2.o(.ARM.Collect$$libinit$$00000025)
    __rt_lib_init_user_alloc_1               0x08000203   Thumb Code     0  libinit2.o(.ARM.Collect$$libinit$$0000000C)
    __rt_lib_shutdown                        0x08000205   Thumb Code     0  libshutdown.o(.ARM.Collect$$libshutdown$$00000000)
    __rt_lib_shutdown_cpp_1                  0x08000207   Thumb Code     0  libshutdown2.o(.ARM.Collect$$libshutdown$$00000004)
    __rt_lib_shutdown_fini_1                 0x08000207   Thumb Code     0  libshutdown2.o(.ARM.Collect$$libshutdown$$00000002)
    __rt_lib_shutdown_fp_trap_1              0x08000207   Thumb Code     0  libshutdown2.o(.ARM.Collect$$libshutdown$$00000009)
    __rt_lib_shutdown_heap_1                 0x08000207   Thumb Code     0  libshutdown2.o(.ARM.Collect$$libshutdown$$00000011)
    __rt_lib_shutdown_return                 0x08000207   Thumb Code     0  libshutdown2.o(.ARM.Collect$$libshutdown$$00000012)
    __rt_lib_shutdown_signal_1               0x08000207   Thumb Code     0  libshutdown2.o(.ARM.Collect$$libshutdown$$0000000C)
    __rt_lib_shutdown_stdio_1                0x08000207   Thumb Code     0  libshutdown2.o(.ARM.Collect$$libshutdown$$00000006)
    __rt_lib_shutdown_user_alloc_1           0x08000207   Thumb Code     0  libshutdown2.o(.ARM.Collect$$libshutdown$$0000000E)
    __rt_entry                               0x08000209   Thumb Code     0  __rtentry.o(.ARM.Collect$$rtentry$$00000000)
    __rt_entry_presh_1                       0x08000209   Thumb Code     0  __rtentry2.o(.ARM.Collect$$rtentry$$00000002)
    __rt_entry_sh                            0x08000209   Thumb Code     0  __rtentry4.o(.ARM.Collect$$rtentry$$00000004)
    __rt_entry_li                            0x0800020f   Thumb Code     0  __rtentry2.o(.ARM.Collect$$rtentry$$0000000A)
    __rt_entry_postsh_1                      0x0800020f   Thumb Code     0  __rtentry2.o(.ARM.Collect$$rtentry$$00000009)
    __rt_entry_main                          0x08000213   Thumb Code     0  __rtentry2.o(.ARM.Collect$$rtentry$$0000000D)
    __rt_entry_postli_1                      0x08000213   Thumb Code     0  __rtentry2.o(.ARM.Collect$$rtentry$$0000000C)
    __rt_exit                                0x0800021b   Thumb Code     0  rtexit.o(.ARM.Collect$$rtexit$$00000000)
    __rt_exit_ls                             0x0800021d   Thumb Code     0  rtexit2.o(.ARM.Collect$$rtexit$$00000003)
    __rt_exit_prels_1                        0x0800021d   Thumb Code     0  rtexit2.o(.ARM.Collect$$rtexit$$00000002)
    __rt_exit_exit                           0x08000221   Thumb Code     0  rtexit2.o(.ARM.Collect$$rtexit$$00000004)
    Reset_Handler                            0x08000229   Thumb Code     8  startup_stm32f407xx.o(.text)
    ADC_IRQHandler                           0x08000243   Thumb Code     0  startup_stm32f407xx.o(.text)
    CAN1_SCE_IRQHandler                      0x08000243   Thumb Code     0  startup_stm32f407xx.o(.text)
    CAN2_SCE_IRQHandler                      0x08000243   Thumb Code     0  startup_stm32f407xx.o(.text)
    DCMI_IRQHandler                          0x08000243   Thumb Code     0  startup_stm32f407xx.o(.text)
    DMA1_Stream0_IRQHandler                  0x08000243   Thumb Code     0  startup_stm32f407xx.o(.text)
    DMA1_Stream2_IRQHandler                  0x08000243   Thumb Code     0  startup_stm32f407xx.o(.text)
    DMA1_Stream3_IRQHandler                  0x08000243   Thumb Code     0  startup_stm32f407xx.o(.text)
    DMA1_Stream4_IRQHandler                  0x08000243   Thumb Code     0  startup_stm32f407xx.o(.text)
    DMA1_Stream5_IRQHandler                  0x08000243   Thumb Code     0  startup_stm32f407xx.o(.text)
    DMA1_Stream6_IRQHandler                  0x08000243   Thumb Code     0  startup_stm32f407xx.o(.text)
    DMA1_Stream7_IRQHandler                  0x08000243   Thumb Code     0  startup_stm32f407xx.o(.text)
    DMA2_Stream0_IRQHandler                  0x08000243   Thumb Code     0  startup_stm32f407xx.o(.text)
    DMA2_Stream1_IRQHandler                  0x08000243   Thumb Code     0  startup_stm32f407xx.o(.text)
    DMA2_Stream2_IRQHandler                  0x08000243   Thumb Code     0  startup_stm32f407xx.o(.text)
    DMA2_Stream3_IRQHandler                  0x08000243   Thumb Code     0  startup_stm32f407xx.o(.text)
    DMA2_Stream4_IRQHandler                  0x08000243   Thumb Code     0  startup_stm32f407xx.o(.text)
    DMA2_Stream5_IRQHandler                  0x08000243   Thumb Code     0  startup_stm32f407xx.o(.text)
    DMA2_Stream6_IRQHandler                  0x08000243   Thumb Code     0  startup_stm32f407xx.o(.text)
    ETH_IRQHandler                           0x08000243   Thumb Code     0  startup_stm32f407xx.o(.text)
    ETH_WKUP_IRQHandler                      0x08000243   Thumb Code     0  startup_stm32f407xx.o(.text)
    EXTI0_IRQHandler                         0x08000243   Thumb Code     0  startup_stm32f407xx.o(.text)
    EXTI15_10_IRQHandler                     0x08000243   Thumb Code     0  startup_stm32f407xx.o(.text)
    EXTI1_IRQHandler                         0x08000243   Thumb Code     0  startup_stm32f407xx.o(.text)
    EXTI2_IRQHandler                         0x08000243   Thumb Code     0  startup_stm32f407xx.o(.text)
    EXTI3_IRQHandler                         0x08000243   Thumb Code     0  startup_stm32f407xx.o(.text)
    EXTI4_IRQHandler                         0x08000243   Thumb Code     0  startup_stm32f407xx.o(.text)
    EXTI9_5_IRQHandler                       0x08000243   Thumb Code     0  startup_stm32f407xx.o(.text)
    FLASH_IRQHandler                         0x08000243   Thumb Code     0  startup_stm32f407xx.o(.text)
    FMC_IRQHandler                           0x08000243   Thumb Code     0  startup_stm32f407xx.o(.text)
    FPU_IRQHandler                           0x08000243   Thumb Code     0  startup_stm32f407xx.o(.text)
    HASH_RNG_IRQHandler                      0x08000243   Thumb Code     0  startup_stm32f407xx.o(.text)
    I2C1_ER_IRQHandler                       0x08000243   Thumb Code     0  startup_stm32f407xx.o(.text)
    I2C1_EV_IRQHandler                       0x08000243   Thumb Code     0  startup_stm32f407xx.o(.text)
    I2C2_ER_IRQHandler                       0x08000243   Thumb Code     0  startup_stm32f407xx.o(.text)
    I2C2_EV_IRQHandler                       0x08000243   Thumb Code     0  startup_stm32f407xx.o(.text)
    I2C3_ER_IRQHandler                       0x08000243   Thumb Code     0  startup_stm32f407xx.o(.text)
    I2C3_EV_IRQHandler                       0x08000243   Thumb Code     0  startup_stm32f407xx.o(.text)
    OTG_FS_IRQHandler                        0x08000243   Thumb Code     0  startup_stm32f407xx.o(.text)
    OTG_FS_WKUP_IRQHandler                   0x08000243   Thumb Code     0  startup_stm32f407xx.o(.text)
    OTG_HS_EP1_IN_IRQHandler                 0x08000243   Thumb Code     0  startup_stm32f407xx.o(.text)
    OTG_HS_EP1_OUT_IRQHandler                0x08000243   Thumb Code     0  startup_stm32f407xx.o(.text)
    OTG_HS_IRQHandler                        0x08000243   Thumb Code     0  startup_stm32f407xx.o(.text)
    OTG_HS_WKUP_IRQHandler                   0x08000243   Thumb Code     0  startup_stm32f407xx.o(.text)
    PVD_IRQHandler                           0x08000243   Thumb Code     0  startup_stm32f407xx.o(.text)
    RCC_IRQHandler                           0x08000243   Thumb Code     0  startup_stm32f407xx.o(.text)
    RTC_Alarm_IRQHandler                     0x08000243   Thumb Code     0  startup_stm32f407xx.o(.text)
    RTC_WKUP_IRQHandler                      0x08000243   Thumb Code     0  startup_stm32f407xx.o(.text)
    SDIO_IRQHandler                          0x08000243   Thumb Code     0  startup_stm32f407xx.o(.text)
    SPI1_IRQHandler                          0x08000243   Thumb Code     0  startup_stm32f407xx.o(.text)
    SPI2_IRQHandler                          0x08000243   Thumb Code     0  startup_stm32f407xx.o(.text)
    SPI3_IRQHandler                          0x08000243   Thumb Code     0  startup_stm32f407xx.o(.text)
    TAMP_STAMP_IRQHandler                    0x08000243   Thumb Code     0  startup_stm32f407xx.o(.text)
    TIM1_BRK_TIM9_IRQHandler                 0x08000243   Thumb Code     0  startup_stm32f407xx.o(.text)
    TIM1_CC_IRQHandler                       0x08000243   Thumb Code     0  startup_stm32f407xx.o(.text)
    TIM1_TRG_COM_TIM11_IRQHandler            0x08000243   Thumb Code     0  startup_stm32f407xx.o(.text)
    TIM1_UP_TIM10_IRQHandler                 0x08000243   Thumb Code     0  startup_stm32f407xx.o(.text)
    TIM2_IRQHandler                          0x08000243   Thumb Code     0  startup_stm32f407xx.o(.text)
    TIM3_IRQHandler                          0x08000243   Thumb Code     0  startup_stm32f407xx.o(.text)
    TIM4_IRQHandler                          0x08000243   Thumb Code     0  startup_stm32f407xx.o(.text)
    TIM5_IRQHandler                          0x08000243   Thumb Code     0  startup_stm32f407xx.o(.text)
    TIM6_DAC_IRQHandler                      0x08000243   Thumb Code     0  startup_stm32f407xx.o(.text)
    TIM7_IRQHandler                          0x08000243   Thumb Code     0  startup_stm32f407xx.o(.text)
    TIM8_BRK_TIM12_IRQHandler                0x08000243   Thumb Code     0  startup_stm32f407xx.o(.text)
    TIM8_CC_IRQHandler                       0x08000243   Thumb Code     0  startup_stm32f407xx.o(.text)
    TIM8_TRG_COM_TIM14_IRQHandler            0x08000243   Thumb Code     0  startup_stm32f407xx.o(.text)
    TIM8_UP_TIM13_IRQHandler                 0x08000243   Thumb Code     0  startup_stm32f407xx.o(.text)
    UART4_IRQHandler                         0x08000243   Thumb Code     0  startup_stm32f407xx.o(.text)
    UART5_IRQHandler                         0x08000243   Thumb Code     0  startup_stm32f407xx.o(.text)
    USART2_IRQHandler                        0x08000243   Thumb Code     0  startup_stm32f407xx.o(.text)
    USART6_IRQHandler                        0x08000243   Thumb Code     0  startup_stm32f407xx.o(.text)
    WWDG_IRQHandler                          0x08000243   Thumb Code     0  startup_stm32f407xx.o(.text)
    __user_initial_stackheap                 0x08000245   Thumb Code     0  startup_stm32f407xx.o(.text)
    __aeabi_uldivmod                         0x08000269   Thumb Code     0  lludivv7m.o(.text)
    _ll_udiv                                 0x08000269   Thumb Code   238  lludivv7m.o(.text)
    __aeabi_memcpy4                          0x08000357   Thumb Code     0  rt_memcpy_w.o(.text)
    __aeabi_memcpy8                          0x08000357   Thumb Code     0  rt_memcpy_w.o(.text)
    __rt_memcpy_w                            0x08000357   Thumb Code   100  rt_memcpy_w.o(.text)
    _memcpy_lastbytes_aligned                0x0800039f   Thumb Code     0  rt_memcpy_w.o(.text)
    __aeabi_memclr4                          0x080003bb   Thumb Code     0  rt_memclr_w.o(.text)
    __aeabi_memclr8                          0x080003bb   Thumb Code     0  rt_memclr_w.o(.text)
    __rt_memclr_w                            0x080003bb   Thumb Code    78  rt_memclr_w.o(.text)
    _memset_w                                0x080003bf   Thumb Code     0  rt_memclr_w.o(.text)
    __use_two_region_memory                  0x08000409   Thumb Code     2  heapauxi.o(.text)
    __rt_heap_escrow$2region                 0x0800040b   Thumb Code     2  heapauxi.o(.text)
    __rt_heap_expand$2region                 0x0800040d   Thumb Code     2  heapauxi.o(.text)
    __user_setup_stackheap                   0x0800040f   Thumb Code    74  sys_stackheap_outer.o(.text)
    exit                                     0x08000459   Thumb Code    18  exit.o(.text)
    __user_libspace                          0x0800046d   Thumb Code     8  libspace.o(.text)
    __user_perproc_libspace                  0x0800046d   Thumb Code     0  libspace.o(.text)
    __user_perthread_libspace                0x0800046d   Thumb Code     0  libspace.o(.text)
    _sys_exit                                0x08000475   Thumb Code     8  sys_exit.o(.text)
    __I$use$semihosting                      0x08000481   Thumb Code     0  use_no_semi.o(.text)
    __use_no_semihosting_swi                 0x08000481   Thumb Code     2  use_no_semi.o(.text)
    __semihosting_library_function           0x08000483   Thumb Code     0  indicate_semi.o(.text)
    BSP_PID_Init                             0x08000485   Thumb Code    56  bsp_pid.o(i.BSP_PID_Init)
    BSP_PID_Model1_Update                    0x080004c1   Thumb Code   150  bsp_pid.o(i.BSP_PID_Model1_Update)
    BSP_PID_Model2_Update                    0x08000557   Thumb Code   136  bsp_pid.o(i.BSP_PID_Model2_Update)
    BusFault_Handler                         0x080005df   Thumb Code     2  stm32f4xx_it.o(i.BusFault_Handler)
    CAN1_RX0_IRQHandler                      0x080005e1   Thumb Code     6  stm32f4xx_it.o(i.CAN1_RX0_IRQHandler)
    CAN1_RX1_IRQHandler                      0x080005ed   Thumb Code     6  stm32f4xx_it.o(i.CAN1_RX1_IRQHandler)
    CAN1_TX_IRQHandler                       0x080005f9   Thumb Code     6  stm32f4xx_it.o(i.CAN1_TX_IRQHandler)
    CAN2_RX0_IRQHandler                      0x08000605   Thumb Code     6  stm32f4xx_it.o(i.CAN2_RX0_IRQHandler)
    CAN2_RX1_IRQHandler                      0x08000611   Thumb Code     6  stm32f4xx_it.o(i.CAN2_RX1_IRQHandler)
    CAN2_TX_IRQHandler                       0x0800061d   Thumb Code     6  stm32f4xx_it.o(i.CAN2_TX_IRQHandler)
    CAN_Filter_Mask_Config                   0x08000629   Thumb Code    88  bsp_can.o(i.CAN_Filter_Mask_Config)
    CAN_Init                                 0x08000681   Thumb Code    72  bsp_can.o(i.CAN_Init)
    CAN_Send_Data                            0x080006d5   Thumb Code    28  bsp_can.o(i.CAN_Send_Data)
    DMA1_Stream1_IRQHandler                  0x080006f1   Thumb Code     6  stm32f4xx_it.o(i.DMA1_Stream1_IRQHandler)
    DMA2_Stream7_IRQHandler                  0x080006fd   Thumb Code     6  stm32f4xx_it.o(i.DMA2_Stream7_IRQHandler)
    DebugMon_Handler                         0x08000785   Thumb Code     2  stm32f4xx_it.o(i.DebugMon_Handler)
    Error_Handler                            0x08000787   Thumb Code     4  main.o(i.Error_Handler)
    HAL_CAN_ActivateNotification             0x0800078b   Thumb Code    36  stm32f4xx_hal_can.o(i.HAL_CAN_ActivateNotification)
    HAL_CAN_AddTxMessage                     0x080007af   Thumb Code   208  stm32f4xx_hal_can.o(i.HAL_CAN_AddTxMessage)
    HAL_CAN_ConfigFilter                     0x08000881   Thumb Code   262  stm32f4xx_hal_can.o(i.HAL_CAN_ConfigFilter)
    HAL_CAN_ErrorCallback                    0x0800098d   Thumb Code     2  stm32f4xx_hal_can.o(i.HAL_CAN_ErrorCallback)
    HAL_CAN_GetRxMessage                     0x0800098f   Thumb Code   244  stm32f4xx_hal_can.o(i.HAL_CAN_GetRxMessage)
    HAL_CAN_IRQHandler                       0x08000a83   Thumb Code   508  stm32f4xx_hal_can.o(i.HAL_CAN_IRQHandler)
    HAL_CAN_Init                             0x08000c7f   Thumb Code   282  stm32f4xx_hal_can.o(i.HAL_CAN_Init)
    HAL_CAN_MspInit                          0x08000d99   Thumb Code   290  can.o(i.HAL_CAN_MspInit)
    HAL_CAN_RxFifo0FullCallback              0x08000ed5   Thumb Code     2  stm32f4xx_hal_can.o(i.HAL_CAN_RxFifo0FullCallback)
    HAL_CAN_RxFifo0MsgPendingCallback        0x08000ed9   Thumb Code   104  bsp_can.o(i.HAL_CAN_RxFifo0MsgPendingCallback)
    HAL_CAN_RxFifo1FullCallback              0x08000f55   Thumb Code     2  stm32f4xx_hal_can.o(i.HAL_CAN_RxFifo1FullCallback)
    HAL_CAN_RxFifo1MsgPendingCallback        0x08000f59   Thumb Code    50  bsp_can.o(i.HAL_CAN_RxFifo1MsgPendingCallback)
    HAL_CAN_SleepCallback                    0x08000f99   Thumb Code     2  stm32f4xx_hal_can.o(i.HAL_CAN_SleepCallback)
    HAL_CAN_Start                            0x08000f9d   Thumb Code    88  stm32f4xx_hal_can.o(i.HAL_CAN_Start)
    HAL_CAN_TxMailbox0AbortCallback          0x08000ff5   Thumb Code     2  stm32f4xx_hal_can.o(i.HAL_CAN_TxMailbox0AbortCallback)
    HAL_CAN_TxMailbox0CompleteCallback       0x08000ff7   Thumb Code     2  stm32f4xx_hal_can.o(i.HAL_CAN_TxMailbox0CompleteCallback)
    HAL_CAN_TxMailbox1AbortCallback          0x08000ff9   Thumb Code     2  stm32f4xx_hal_can.o(i.HAL_CAN_TxMailbox1AbortCallback)
    HAL_CAN_TxMailbox1CompleteCallback       0x08000ffb   Thumb Code     2  stm32f4xx_hal_can.o(i.HAL_CAN_TxMailbox1CompleteCallback)
    HAL_CAN_TxMailbox2AbortCallback          0x08000ffd   Thumb Code     2  stm32f4xx_hal_can.o(i.HAL_CAN_TxMailbox2AbortCallback)
    HAL_CAN_TxMailbox2CompleteCallback       0x08000fff   Thumb Code     2  stm32f4xx_hal_can.o(i.HAL_CAN_TxMailbox2CompleteCallback)
    HAL_CAN_WakeUpFromRxMsgCallback          0x08001001   Thumb Code     2  stm32f4xx_hal_can.o(i.HAL_CAN_WakeUpFromRxMsgCallback)
    HAL_DMA_Abort                            0x08001003   Thumb Code   146  stm32f4xx_hal_dma.o(i.HAL_DMA_Abort)
    HAL_DMA_Abort_IT                         0x08001095   Thumb Code    36  stm32f4xx_hal_dma.o(i.HAL_DMA_Abort_IT)
    HAL_DMA_IRQHandler                       0x080010b9   Thumb Code   412  stm32f4xx_hal_dma.o(i.HAL_DMA_IRQHandler)
    HAL_DMA_Init                             0x08001259   Thumb Code   206  stm32f4xx_hal_dma.o(i.HAL_DMA_Init)
    HAL_GPIO_Init                            0x0800132d   Thumb Code   450  stm32f4xx_hal_gpio.o(i.HAL_GPIO_Init)
    HAL_GetTick                              0x0800151d   Thumb Code     6  stm32f4xx_hal.o(i.HAL_GetTick)
    HAL_IncTick                              0x08001529   Thumb Code    12  stm32f4xx_hal.o(i.HAL_IncTick)
    HAL_Init                                 0x08001539   Thumb Code    48  stm32f4xx_hal.o(i.HAL_Init)
    HAL_InitTick                             0x0800156d   Thumb Code    54  stm32f4xx_hal.o(i.HAL_InitTick)
    HAL_MspInit                              0x080015ad   Thumb Code    42  stm32f4xx_hal_msp.o(i.HAL_MspInit)
    HAL_NVIC_EnableIRQ                       0x080015dd   Thumb Code    26  stm32f4xx_hal_cortex.o(i.HAL_NVIC_EnableIRQ)
    HAL_NVIC_SetPriority                     0x080015f9   Thumb Code    60  stm32f4xx_hal_cortex.o(i.HAL_NVIC_SetPriority)
    HAL_NVIC_SetPriorityGrouping             0x08001639   Thumb Code    26  stm32f4xx_hal_cortex.o(i.HAL_NVIC_SetPriorityGrouping)
    HAL_RCC_ClockConfig                      0x0800165d   Thumb Code   288  stm32f4xx_hal_rcc.o(i.HAL_RCC_ClockConfig)
    HAL_RCC_GetPCLK1Freq                     0x08001791   Thumb Code    20  stm32f4xx_hal_rcc.o(i.HAL_RCC_GetPCLK1Freq)
    HAL_RCC_GetPCLK2Freq                     0x080017b1   Thumb Code    20  stm32f4xx_hal_rcc.o(i.HAL_RCC_GetPCLK2Freq)
    HAL_RCC_GetSysClockFreq                  0x080017d1   Thumb Code    88  stm32f4xx_hal_rcc.o(i.HAL_RCC_GetSysClockFreq)
    HAL_RCC_OscConfig                        0x08001835   Thumb Code   856  stm32f4xx_hal_rcc.o(i.HAL_RCC_OscConfig)
    HAL_SYSTICK_Config                       0x08001ba1   Thumb Code    40  stm32f4xx_hal_cortex.o(i.HAL_SYSTICK_Config)
    HAL_UARTEx_RxEventCallback               0x08001bc9   Thumb Code     2  stm32f4xx_hal_uart.o(i.HAL_UARTEx_RxEventCallback)
    HAL_UART_ErrorCallback                   0x08001bcb   Thumb Code     2  stm32f4xx_hal_uart.o(i.HAL_UART_ErrorCallback)
    HAL_UART_IRQHandler                      0x08001bcd   Thumb Code   618  stm32f4xx_hal_uart.o(i.HAL_UART_IRQHandler)
    HAL_UART_Init                            0x08001e3d   Thumb Code   100  stm32f4xx_hal_uart.o(i.HAL_UART_Init)
    HAL_UART_MspInit                         0x08001ea1   Thumb Code   326  usart.o(i.HAL_UART_MspInit)
    HAL_UART_RxCpltCallback                  0x0800200d   Thumb Code     2  stm32f4xx_hal_uart.o(i.HAL_UART_RxCpltCallback)
    HAL_UART_TxCpltCallback                  0x0800200f   Thumb Code     2  stm32f4xx_hal_uart.o(i.HAL_UART_TxCpltCallback)
    HardFault_Handler                        0x08002011   Thumb Code     2  stm32f4xx_it.o(i.HardFault_Handler)
    MX_CAN1_Init                             0x08002015   Thumb Code    60  can.o(i.MX_CAN1_Init)
    MX_CAN2_Init                             0x08002059   Thumb Code    60  can.o(i.MX_CAN2_Init)
    MX_DMA_Init                              0x0800209d   Thumb Code    72  dma.o(i.MX_DMA_Init)
    MX_GPIO_Init                             0x080020e9   Thumb Code    70  gpio.o(i.MX_GPIO_Init)
    MX_USART1_UART_Init                      0x08002135   Thumb Code    48  usart.o(i.MX_USART1_UART_Init)
    MX_USART3_UART_Init                      0x0800216d   Thumb Code    50  usart.o(i.MX_USART3_UART_Init)
    MemManage_Handler                        0x080021ad   Thumb Code     2  stm32f4xx_it.o(i.MemManage_Handler)
    NMI_Handler                              0x080021af   Thumb Code     2  stm32f4xx_it.o(i.NMI_Handler)
    PendSV_Handler                           0x080021b1   Thumb Code     2  stm32f4xx_it.o(i.PendSV_Handler)
    RC_init                                  0x080021b5   Thumb Code    84  bsp_rc.o(i.RC_init)
    SVC_Handler                              0x08002215   Thumb Code     2  stm32f4xx_it.o(i.SVC_Handler)
    SysTick_Handler                          0x08002217   Thumb Code     4  stm32f4xx_it.o(i.SysTick_Handler)
    SystemClock_Config                       0x0800221d   Thumb Code   140  main.o(i.SystemClock_Config)
    SystemInit                               0x080022b1   Thumb Code    12  system_stm32f4xx.o(i.SystemInit)
    USART1_IRQHandler                        0x080024ed   Thumb Code     6  stm32f4xx_it.o(i.USART1_IRQHandler)
    USART3_IRQHandler                        0x080024f9   Thumb Code   156  remote_control.o(i.USART3_IRQHandler)
    UsageFault_Handler                       0x080025ad   Thumb Code     2  stm32f4xx_it.o(i.UsageFault_Handler)
    bsp_motor_init                           0x080025f9   Thumb Code   248  bsp_motor.o(i.bsp_motor_init)
    bsp_motor_state_change                   0x08002749   Thumb Code  2580  bsp_motor.o(i.bsp_motor_state_change)
    buffer_to_motor_state                    0x0800315d   Thumb Code   312  bsp_can.o(i.buffer_to_motor_state)
    can_fifo_callback                        0x080032c1   Thumb Code    88  bsp_can.o(i.can_fifo_callback)
    get_remote_control_point                 0x08003321   Thumb Code     4  remote_control.o(i.get_remote_control_point)
    main                                     0x08003329   Thumb Code   318  main.o(i.main)
    quanshu_to_theta                         0x080034b1   Thumb Code    18  bsp_motor.o(i.quanshu_to_theta)
    remote_control_init                      0x080034c9   Thumb Code    12  remote_control.o(i.remote_control_init)
    usart1_tx_dma_init                       0x0800358d   Thumb Code    14  bsp_usart_1.o(i.usart1_tx_dma_init)
    _fp_init                                 0x080035a1   Thumb Code    10  fpinit.o(x$fpl$fpinit)
    __fplib_config_fpu_vfp                   0x080035a9   Thumb Code     0  fpinit.o(x$fpl$fpinit)
    __fplib_config_pureend_doubles           0x080035a9   Thumb Code     0  fpinit.o(x$fpl$fpinit)
    AHBPrescTable                            0x080035b2   Data          16  system_stm32f4xx.o(.constdata)
    APBPrescTable                            0x080035c2   Data           8  system_stm32f4xx.o(.constdata)
    Region$$Table$$Base                      0x080035cc   Number         0  anon$$obj.o(Region$$Table)
    Region$$Table$$Limit                     0x080035ec   Number         0  anon$$obj.o(Region$$Table)
    local_rc_ctrl                            0x20000000   Data           4  main.o(.data)
    uwTickFreq                               0x20000008   Data           1  stm32f4xx_hal.o(.data)
    uwTickPrio                               0x2000000c   Data           4  stm32f4xx_hal.o(.data)
    uwTick                                   0x20000010   Data           4  stm32f4xx_hal.o(.data)
    SystemCoreClock                          0x20000014   Data           4  system_stm32f4xx.o(.data)
    CAN1_0x1ff_Tx_Data                       0x20000018   Data           8  bsp_can.o(.data)
    CAN1_0x200_Tx_Data                       0x20000020   Data           8  bsp_can.o(.data)
    CAN1_0x2ff_Tx_Data                       0x20000028   Data           8  bsp_can.o(.data)
    hcan1                                    0x20000034   Data          40  can.o(.bss)
    hcan2                                    0x2000005c   Data          40  can.o(.bss)
    huart1                                   0x20000084   Data          72  usart.o(.bss)
    huart3                                   0x200000cc   Data          72  usart.o(.bss)
    hdma_usart1_tx                           0x20000114   Data          96  usart.o(.bss)
    hdma_usart3_rx                           0x20000174   Data          96  usart.o(.bss)
    CAN1_Manage_Object                       0x200001d4   Data          44  bsp_can.o(.bss)
    CAN2_Manage_Object                       0x20000200   Data          44  bsp_can.o(.bss)
    motor_manage_object1                     0x2000022c   Data         168  bsp_motor.o(.bss)
    motor_manage_object2                     0x200002d4   Data         168  bsp_motor.o(.bss)
    motor_manage_object3                     0x2000037c   Data         168  bsp_motor.o(.bss)
    motor_manage_object4                     0x20000424   Data         168  bsp_motor.o(.bss)
    motor_manage_object5                     0x200004cc   Data         168  bsp_motor.o(.bss)
    motor_manage_object6                     0x20000574   Data         168  bsp_motor.o(.bss)
    motor_manage_object7                     0x2000061c   Data         168  bsp_motor.o(.bss)
    motor_manage_object8                     0x200006c4   Data         168  bsp_motor.o(.bss)
    motor_manage_object9                     0x2000076c   Data         168  bsp_motor.o(.bss)
    motor_manage_objectA                     0x20000814   Data         168  bsp_motor.o(.bss)
    motor_manage_objectB                     0x200008bc   Data         168  bsp_motor.o(.bss)
    pid1_1                                   0x20000964   Data          64  bsp_pid.o(.bss)
    pid2_1                                   0x200009a4   Data          64  bsp_pid.o(.bss)
    pid3_1                                   0x200009e4   Data          64  bsp_pid.o(.bss)
    pid4_1                                   0x20000a24   Data          64  bsp_pid.o(.bss)
    pid5_1                                   0x20000a64   Data          64  bsp_pid.o(.bss)
    pid6_1                                   0x20000aa4   Data          64  bsp_pid.o(.bss)
    pid7_1                                   0x20000ae4   Data          64  bsp_pid.o(.bss)
    pid8_1                                   0x20000b24   Data          64  bsp_pid.o(.bss)
    pid9_1                                   0x20000b64   Data          64  bsp_pid.o(.bss)
    pidA_1                                   0x20000ba4   Data          64  bsp_pid.o(.bss)
    pidB_1                                   0x20000be4   Data          64  bsp_pid.o(.bss)
    pid1_2                                   0x20000c24   Data          64  bsp_pid.o(.bss)
    pid2_2                                   0x20000c64   Data          64  bsp_pid.o(.bss)
    pid3_2                                   0x20000ca4   Data          64  bsp_pid.o(.bss)
    pid4_2                                   0x20000ce4   Data          64  bsp_pid.o(.bss)
    pid5_2                                   0x20000d24   Data          64  bsp_pid.o(.bss)
    pid6_2                                   0x20000d64   Data          64  bsp_pid.o(.bss)
    pid7_2                                   0x20000da4   Data          64  bsp_pid.o(.bss)
    pid8_2                                   0x20000de4   Data          64  bsp_pid.o(.bss)
    pid9_2                                   0x20000e24   Data          64  bsp_pid.o(.bss)
    pidA_2                                   0x20000e64   Data          64  bsp_pid.o(.bss)
    pidB_2                                   0x20000ea4   Data          64  bsp_pid.o(.bss)
    rc_ctrl                                  0x20000ee4   Data          22  remote_control.o(.bss)
    __libspace_start                         0x20000f44   Data          96  libspace.o(.bss)
    __temporary_stack_top$libspace           0x20000fa4   Data           0  libspace.o(.bss)



==============================================================================

Memory Map of the image

  Image Entry point : 0x08000189

  Load Region LR_IROM1 (Base: 0x08000000, Size: 0x00003620, Max: 0x00100000, ABSOLUTE)

    Execution Region ER_IROM1 (Exec base: 0x08000000, Load base: 0x08000000, Size: 0x000035ec, Max: 0x00100000, ABSOLUTE)

    Exec Addr    Load Addr    Size         Type   Attr      Idx    E Section Name        Object

    0x08000000   0x08000000   0x00000188   Data   RO            3    RESET               startup_stm32f407xx.o
    0x08000188   0x08000188   0x00000008   Code   RO         2714  * !!!main             c_w.l(__main.o)
    0x08000190   0x08000190   0x00000034   Code   RO         3047    !!!scatter          c_w.l(__scatter.o)
    0x080001c4   0x080001c4   0x0000001a   Code   RO         3049    !!handler_copy      c_w.l(__scatter_copy.o)
    0x080001de   0x080001de   0x00000002   PAD
    0x080001e0   0x080001e0   0x0000001c   Code   RO         3051    !!handler_zi        c_w.l(__scatter_zi.o)
    0x080001fc   0x080001fc   0x00000002   Code   RO         2905    .ARM.Collect$$libinit$$00000000  c_w.l(libinit.o)
    0x080001fe   0x080001fe   0x00000004   Code   RO         2927    .ARM.Collect$$libinit$$00000001  c_w.l(libinit2.o)
    0x08000202   0x08000202   0x00000000   Code   RO         2930    .ARM.Collect$$libinit$$00000004  c_w.l(libinit2.o)
    0x08000202   0x08000202   0x00000000   Code   RO         2933    .ARM.Collect$$libinit$$0000000A  c_w.l(libinit2.o)
    0x08000202   0x08000202   0x00000000   Code   RO         2935    .ARM.Collect$$libinit$$0000000C  c_w.l(libinit2.o)
    0x08000202   0x08000202   0x00000000   Code   RO         2937    .ARM.Collect$$libinit$$0000000E  c_w.l(libinit2.o)
    0x08000202   0x08000202   0x00000000   Code   RO         2940    .ARM.Collect$$libinit$$00000011  c_w.l(libinit2.o)
    0x08000202   0x08000202   0x00000000   Code   RO         2942    .ARM.Collect$$libinit$$00000013  c_w.l(libinit2.o)
    0x08000202   0x08000202   0x00000000   Code   RO         2944    .ARM.Collect$$libinit$$00000015  c_w.l(libinit2.o)
    0x08000202   0x08000202   0x00000000   Code   RO         2946    .ARM.Collect$$libinit$$00000017  c_w.l(libinit2.o)
    0x08000202   0x08000202   0x00000000   Code   RO         2948    .ARM.Collect$$libinit$$00000019  c_w.l(libinit2.o)
    0x08000202   0x08000202   0x00000000   Code   RO         2950    .ARM.Collect$$libinit$$0000001B  c_w.l(libinit2.o)
    0x08000202   0x08000202   0x00000000   Code   RO         2952    .ARM.Collect$$libinit$$0000001D  c_w.l(libinit2.o)
    0x08000202   0x08000202   0x00000000   Code   RO         2954    .ARM.Collect$$libinit$$0000001F  c_w.l(libinit2.o)
    0x08000202   0x08000202   0x00000000   Code   RO         2956    .ARM.Collect$$libinit$$00000021  c_w.l(libinit2.o)
    0x08000202   0x08000202   0x00000000   Code   RO         2958    .ARM.Collect$$libinit$$00000023  c_w.l(libinit2.o)
    0x08000202   0x08000202   0x00000000   Code   RO         2960    .ARM.Collect$$libinit$$00000025  c_w.l(libinit2.o)
    0x08000202   0x08000202   0x00000000   Code   RO         2964    .ARM.Collect$$libinit$$0000002C  c_w.l(libinit2.o)
    0x08000202   0x08000202   0x00000000   Code   RO         2966    .ARM.Collect$$libinit$$0000002E  c_w.l(libinit2.o)
    0x08000202   0x08000202   0x00000000   Code   RO         2968    .ARM.Collect$$libinit$$00000030  c_w.l(libinit2.o)
    0x08000202   0x08000202   0x00000000   Code   RO         2970    .ARM.Collect$$libinit$$00000032  c_w.l(libinit2.o)
    0x08000202   0x08000202   0x00000002   Code   RO         2971    .ARM.Collect$$libinit$$00000033  c_w.l(libinit2.o)
    0x08000204   0x08000204   0x00000002   Code   RO         3002    .ARM.Collect$$libshutdown$$00000000  c_w.l(libshutdown.o)
    0x08000206   0x08000206   0x00000000   Code   RO         3028    .ARM.Collect$$libshutdown$$00000002  c_w.l(libshutdown2.o)
    0x08000206   0x08000206   0x00000000   Code   RO         3030    .ARM.Collect$$libshutdown$$00000004  c_w.l(libshutdown2.o)
    0x08000206   0x08000206   0x00000000   Code   RO         3032    .ARM.Collect$$libshutdown$$00000006  c_w.l(libshutdown2.o)
    0x08000206   0x08000206   0x00000000   Code   RO         3035    .ARM.Collect$$libshutdown$$00000009  c_w.l(libshutdown2.o)
    0x08000206   0x08000206   0x00000000   Code   RO         3038    .ARM.Collect$$libshutdown$$0000000C  c_w.l(libshutdown2.o)
    0x08000206   0x08000206   0x00000000   Code   RO         3040    .ARM.Collect$$libshutdown$$0000000E  c_w.l(libshutdown2.o)
    0x08000206   0x08000206   0x00000000   Code   RO         3043    .ARM.Collect$$libshutdown$$00000011  c_w.l(libshutdown2.o)
    0x08000206   0x08000206   0x00000002   Code   RO         3044    .ARM.Collect$$libshutdown$$00000012  c_w.l(libshutdown2.o)
    0x08000208   0x08000208   0x00000000   Code   RO         2716    .ARM.Collect$$rtentry$$00000000  c_w.l(__rtentry.o)
    0x08000208   0x08000208   0x00000000   Code   RO         2821    .ARM.Collect$$rtentry$$00000002  c_w.l(__rtentry2.o)
    0x08000208   0x08000208   0x00000006   Code   RO         2833    .ARM.Collect$$rtentry$$00000004  c_w.l(__rtentry4.o)
    0x0800020e   0x0800020e   0x00000000   Code   RO         2823    .ARM.Collect$$rtentry$$00000009  c_w.l(__rtentry2.o)
    0x0800020e   0x0800020e   0x00000004   Code   RO         2824    .ARM.Collect$$rtentry$$0000000A  c_w.l(__rtentry2.o)
    0x08000212   0x08000212   0x00000000   Code   RO         2826    .ARM.Collect$$rtentry$$0000000C  c_w.l(__rtentry2.o)
    0x08000212   0x08000212   0x00000008   Code   RO         2827    .ARM.Collect$$rtentry$$0000000D  c_w.l(__rtentry2.o)
    0x0800021a   0x0800021a   0x00000002   Code   RO         2914    .ARM.Collect$$rtexit$$00000000  c_w.l(rtexit.o)
    0x0800021c   0x0800021c   0x00000000   Code   RO         2975    .ARM.Collect$$rtexit$$00000002  c_w.l(rtexit2.o)
    0x0800021c   0x0800021c   0x00000004   Code   RO         2976    .ARM.Collect$$rtexit$$00000003  c_w.l(rtexit2.o)
    0x08000220   0x08000220   0x00000006   Code   RO         2977    .ARM.Collect$$rtexit$$00000004  c_w.l(rtexit2.o)
    0x08000226   0x08000226   0x00000002   PAD
    0x08000228   0x08000228   0x00000040   Code   RO            4    .text               startup_stm32f407xx.o
    0x08000268   0x08000268   0x000000ee   Code   RO         2704    .text               c_w.l(lludivv7m.o)
    0x08000356   0x08000356   0x00000064   Code   RO         2708    .text               c_w.l(rt_memcpy_w.o)
    0x080003ba   0x080003ba   0x0000004e   Code   RO         2710    .text               c_w.l(rt_memclr_w.o)
    0x08000408   0x08000408   0x00000006   Code   RO         2712    .text               c_w.l(heapauxi.o)
    0x0800040e   0x0800040e   0x0000004a   Code   RO         2855    .text               c_w.l(sys_stackheap_outer.o)
    0x08000458   0x08000458   0x00000012   Code   RO         2894    .text               c_w.l(exit.o)
    0x0800046a   0x0800046a   0x00000002   PAD
    0x0800046c   0x0800046c   0x00000008   Code   RO         2911    .text               c_w.l(libspace.o)
    0x08000474   0x08000474   0x0000000c   Code   RO         2972    .text               c_w.l(sys_exit.o)
    0x08000480   0x08000480   0x00000002   Code   RO         2991    .text               c_w.l(use_no_semi.o)
    0x08000482   0x08000482   0x00000000   Code   RO         2993    .text               c_w.l(indicate_semi.o)
    0x08000482   0x08000482   0x00000002   PAD
    0x08000484   0x08000484   0x0000003c   Code   RO         2450    i.BSP_PID_Init      bsp_pid.o
    0x080004c0   0x080004c0   0x00000096   Code   RO         2451    i.BSP_PID_Model1_Update  bsp_pid.o
    0x08000556   0x08000556   0x00000088   Code   RO         2452    i.BSP_PID_Model2_Update  bsp_pid.o
    0x080005de   0x080005de   0x00000002   Code   RO          339    i.BusFault_Handler  stm32f4xx_it.o
    0x080005e0   0x080005e0   0x0000000c   Code   RO          340    i.CAN1_RX0_IRQHandler  stm32f4xx_it.o
    0x080005ec   0x080005ec   0x0000000c   Code   RO          341    i.CAN1_RX1_IRQHandler  stm32f4xx_it.o
    0x080005f8   0x080005f8   0x0000000c   Code   RO          342    i.CAN1_TX_IRQHandler  stm32f4xx_it.o
    0x08000604   0x08000604   0x0000000c   Code   RO          343    i.CAN2_RX0_IRQHandler  stm32f4xx_it.o
    0x08000610   0x08000610   0x0000000c   Code   RO          344    i.CAN2_RX1_IRQHandler  stm32f4xx_it.o
    0x0800061c   0x0800061c   0x0000000c   Code   RO          345    i.CAN2_TX_IRQHandler  stm32f4xx_it.o
    0x08000628   0x08000628   0x00000058   Code   RO         2314    i.CAN_Filter_Mask_Config  bsp_can.o
    0x08000680   0x08000680   0x00000054   Code   RO         2315    i.CAN_Init          bsp_can.o
    0x080006d4   0x080006d4   0x0000001c   Code   RO         2316    i.CAN_Send_Data     bsp_can.o
    0x080006f0   0x080006f0   0x0000000c   Code   RO          346    i.DMA1_Stream1_IRQHandler  stm32f4xx_it.o
    0x080006fc   0x080006fc   0x0000000c   Code   RO          347    i.DMA2_Stream7_IRQHandler  stm32f4xx_it.o
    0x08000708   0x08000708   0x00000028   Code   RO         1186    i.DMA_CalcBaseAndBitshift  stm32f4xx_hal_dma.o
    0x08000730   0x08000730   0x00000054   Code   RO         1187    i.DMA_CheckFifoParam  stm32f4xx_hal_dma.o
    0x08000784   0x08000784   0x00000002   Code   RO          348    i.DebugMon_Handler  stm32f4xx_it.o
    0x08000786   0x08000786   0x00000004   Code   RO           13    i.Error_Handler     main.o
    0x0800078a   0x0800078a   0x00000024   Code   RO          494    i.HAL_CAN_ActivateNotification  stm32f4xx_hal_can.o
    0x080007ae   0x080007ae   0x000000d0   Code   RO          495    i.HAL_CAN_AddTxMessage  stm32f4xx_hal_can.o
    0x0800087e   0x0800087e   0x00000002   PAD
    0x08000880   0x08000880   0x0000010c   Code   RO          496    i.HAL_CAN_ConfigFilter  stm32f4xx_hal_can.o
    0x0800098c   0x0800098c   0x00000002   Code   RO          499    i.HAL_CAN_ErrorCallback  stm32f4xx_hal_can.o
    0x0800098e   0x0800098e   0x000000f4   Code   RO          502    i.HAL_CAN_GetRxMessage  stm32f4xx_hal_can.o
    0x08000a82   0x08000a82   0x000001fc   Code   RO          506    i.HAL_CAN_IRQHandler  stm32f4xx_hal_can.o
    0x08000c7e   0x08000c7e   0x0000011a   Code   RO          507    i.HAL_CAN_Init      stm32f4xx_hal_can.o
    0x08000d98   0x08000d98   0x0000013c   Code   RO          219    i.HAL_CAN_MspInit   can.o
    0x08000ed4   0x08000ed4   0x00000002   Code   RO          514    i.HAL_CAN_RxFifo0FullCallback  stm32f4xx_hal_can.o
    0x08000ed6   0x08000ed6   0x00000002   PAD
    0x08000ed8   0x08000ed8   0x0000007c   Code   RO         2317    i.HAL_CAN_RxFifo0MsgPendingCallback  bsp_can.o
    0x08000f54   0x08000f54   0x00000002   Code   RO          516    i.HAL_CAN_RxFifo1FullCallback  stm32f4xx_hal_can.o
    0x08000f56   0x08000f56   0x00000002   PAD
    0x08000f58   0x08000f58   0x00000040   Code   RO         2318    i.HAL_CAN_RxFifo1MsgPendingCallback  bsp_can.o
    0x08000f98   0x08000f98   0x00000002   Code   RO          518    i.HAL_CAN_SleepCallback  stm32f4xx_hal_can.o
    0x08000f9a   0x08000f9a   0x00000002   PAD
    0x08000f9c   0x08000f9c   0x00000058   Code   RO          519    i.HAL_CAN_Start     stm32f4xx_hal_can.o
    0x08000ff4   0x08000ff4   0x00000002   Code   RO          521    i.HAL_CAN_TxMailbox0AbortCallback  stm32f4xx_hal_can.o
    0x08000ff6   0x08000ff6   0x00000002   Code   RO          522    i.HAL_CAN_TxMailbox0CompleteCallback  stm32f4xx_hal_can.o
    0x08000ff8   0x08000ff8   0x00000002   Code   RO          523    i.HAL_CAN_TxMailbox1AbortCallback  stm32f4xx_hal_can.o
    0x08000ffa   0x08000ffa   0x00000002   Code   RO          524    i.HAL_CAN_TxMailbox1CompleteCallback  stm32f4xx_hal_can.o
    0x08000ffc   0x08000ffc   0x00000002   Code   RO          525    i.HAL_CAN_TxMailbox2AbortCallback  stm32f4xx_hal_can.o
    0x08000ffe   0x08000ffe   0x00000002   Code   RO          526    i.HAL_CAN_TxMailbox2CompleteCallback  stm32f4xx_hal_can.o
    0x08001000   0x08001000   0x00000002   Code   RO          528    i.HAL_CAN_WakeUpFromRxMsgCallback  stm32f4xx_hal_can.o
    0x08001002   0x08001002   0x00000092   Code   RO         1189    i.HAL_DMA_Abort     stm32f4xx_hal_dma.o
    0x08001094   0x08001094   0x00000024   Code   RO         1190    i.HAL_DMA_Abort_IT  stm32f4xx_hal_dma.o
    0x080010b8   0x080010b8   0x000001a0   Code   RO         1194    i.HAL_DMA_IRQHandler  stm32f4xx_hal_dma.o
    0x08001258   0x08001258   0x000000d4   Code   RO         1195    i.HAL_DMA_Init      stm32f4xx_hal_dma.o
    0x0800132c   0x0800132c   0x000001f0   Code   RO         1082    i.HAL_GPIO_Init     stm32f4xx_hal_gpio.o
    0x0800151c   0x0800151c   0x0000000c   Code   RO         1632    i.HAL_GetTick       stm32f4xx_hal.o
    0x08001528   0x08001528   0x00000010   Code   RO         1638    i.HAL_IncTick       stm32f4xx_hal.o
    0x08001538   0x08001538   0x00000034   Code   RO         1639    i.HAL_Init          stm32f4xx_hal.o
    0x0800156c   0x0800156c   0x00000040   Code   RO         1640    i.HAL_InitTick      stm32f4xx_hal.o
    0x080015ac   0x080015ac   0x00000030   Code   RO          469    i.HAL_MspInit       stm32f4xx_hal_msp.o
    0x080015dc   0x080015dc   0x0000001a   Code   RO         1474    i.HAL_NVIC_EnableIRQ  stm32f4xx_hal_cortex.o
    0x080015f6   0x080015f6   0x00000002   PAD
    0x080015f8   0x080015f8   0x00000040   Code   RO         1480    i.HAL_NVIC_SetPriority  stm32f4xx_hal_cortex.o
    0x08001638   0x08001638   0x00000024   Code   RO         1481    i.HAL_NVIC_SetPriorityGrouping  stm32f4xx_hal_cortex.o
    0x0800165c   0x0800165c   0x00000134   Code   RO          728    i.HAL_RCC_ClockConfig  stm32f4xx_hal_rcc.o
    0x08001790   0x08001790   0x00000020   Code   RO          735    i.HAL_RCC_GetPCLK1Freq  stm32f4xx_hal_rcc.o
    0x080017b0   0x080017b0   0x00000020   Code   RO          736    i.HAL_RCC_GetPCLK2Freq  stm32f4xx_hal_rcc.o
    0x080017d0   0x080017d0   0x00000064   Code   RO          737    i.HAL_RCC_GetSysClockFreq  stm32f4xx_hal_rcc.o
    0x08001834   0x08001834   0x0000036c   Code   RO          740    i.HAL_RCC_OscConfig  stm32f4xx_hal_rcc.o
    0x08001ba0   0x08001ba0   0x00000028   Code   RO         1485    i.HAL_SYSTICK_Config  stm32f4xx_hal_cortex.o
    0x08001bc8   0x08001bc8   0x00000002   Code   RO         1925    i.HAL_UARTEx_RxEventCallback  stm32f4xx_hal_uart.o
    0x08001bca   0x08001bca   0x00000002   Code   RO         1939    i.HAL_UART_ErrorCallback  stm32f4xx_hal_uart.o
    0x08001bcc   0x08001bcc   0x00000270   Code   RO         1942    i.HAL_UART_IRQHandler  stm32f4xx_hal_uart.o
    0x08001e3c   0x08001e3c   0x00000064   Code   RO         1943    i.HAL_UART_Init     stm32f4xx_hal_uart.o
    0x08001ea0   0x08001ea0   0x0000016c   Code   RO          292    i.HAL_UART_MspInit  usart.o
    0x0800200c   0x0800200c   0x00000002   Code   RO         1949    i.HAL_UART_RxCpltCallback  stm32f4xx_hal_uart.o
    0x0800200e   0x0800200e   0x00000002   Code   RO         1954    i.HAL_UART_TxCpltCallback  stm32f4xx_hal_uart.o
    0x08002010   0x08002010   0x00000002   Code   RO          349    i.HardFault_Handler  stm32f4xx_it.o
    0x08002012   0x08002012   0x00000002   PAD
    0x08002014   0x08002014   0x00000044   Code   RO          220    i.MX_CAN1_Init      can.o
    0x08002058   0x08002058   0x00000044   Code   RO          221    i.MX_CAN2_Init      can.o
    0x0800209c   0x0800209c   0x0000004c   Code   RO          267    i.MX_DMA_Init       dma.o
    0x080020e8   0x080020e8   0x0000004c   Code   RO          194    i.MX_GPIO_Init      gpio.o
    0x08002134   0x08002134   0x00000038   Code   RO          293    i.MX_USART1_UART_Init  usart.o
    0x0800216c   0x0800216c   0x00000040   Code   RO          294    i.MX_USART3_UART_Init  usart.o
    0x080021ac   0x080021ac   0x00000002   Code   RO          350    i.MemManage_Handler  stm32f4xx_it.o
    0x080021ae   0x080021ae   0x00000002   Code   RO          351    i.NMI_Handler       stm32f4xx_it.o
    0x080021b0   0x080021b0   0x00000002   Code   RO          352    i.PendSV_Handler    stm32f4xx_it.o
    0x080021b2   0x080021b2   0x00000002   PAD
    0x080021b4   0x080021b4   0x00000060   Code   RO         2631    i.RC_init           bsp_rc.o
    0x08002214   0x08002214   0x00000002   Code   RO          353    i.SVC_Handler       stm32f4xx_it.o
    0x08002216   0x08002216   0x00000004   Code   RO          354    i.SysTick_Handler   stm32f4xx_it.o
    0x0800221a   0x0800221a   0x00000002   PAD
    0x0800221c   0x0800221c   0x00000094   Code   RO           14    i.SystemClock_Config  main.o
    0x080022b0   0x080022b0   0x00000010   Code   RO         2277    i.SystemInit        system_stm32f4xx.o
    0x080022c0   0x080022c0   0x00000010   Code   RO         1956    i.UART_DMAAbortOnError  stm32f4xx_hal_uart.o
    0x080022d0   0x080022d0   0x0000004e   Code   RO         1966    i.UART_EndRxTransfer  stm32f4xx_hal_uart.o
    0x0800231e   0x0800231e   0x000000c2   Code   RO         1968    i.UART_Receive_IT   stm32f4xx_hal_uart.o
    0x080023e0   0x080023e0   0x0000010c   Code   RO         1969    i.UART_SetConfig    stm32f4xx_hal_uart.o
    0x080024ec   0x080024ec   0x0000000c   Code   RO          355    i.USART1_IRQHandler  stm32f4xx_it.o
    0x080024f8   0x080024f8   0x000000b4   Code   RO         2656    i.USART3_IRQHandler  remote_control.o
    0x080025ac   0x080025ac   0x00000002   Code   RO          356    i.UsageFault_Handler  stm32f4xx_it.o
    0x080025ae   0x080025ae   0x00000020   Code   RO         1487    i.__NVIC_SetPriority  stm32f4xx_hal_cortex.o
    0x080025ce   0x080025ce   0x0000002a   Code   RO         2453    i.abs_limit         bsp_pid.o
    0x080025f8   0x080025f8   0x00000150   Code   RO         2388    i.bsp_motor_init    bsp_motor.o
    0x08002748   0x08002748   0x00000a14   Code   RO         2389    i.bsp_motor_state_change  bsp_motor.o
    0x0800315c   0x0800315c   0x00000164   Code   RO         2320    i.buffer_to_motor_state  bsp_can.o
    0x080032c0   0x080032c0   0x00000060   Code   RO         2321    i.can_fifo_callback  bsp_can.o
    0x08003320   0x08003320   0x00000008   Code   RO         2657    i.get_remote_control_point  remote_control.o
    0x08003328   0x08003328   0x00000188   Code   RO           15    i.main              main.o
    0x080034b0   0x080034b0   0x00000018   Code   RO         2390    i.quanshu_to_theta  bsp_motor.o
    0x080034c8   0x080034c8   0x00000010   Code   RO         2658    i.remote_control_init  remote_control.o
    0x080034d8   0x080034d8   0x000000b4   Code   RO         2659    i.sbus_to_rc        remote_control.o
    0x0800358c   0x0800358c   0x00000014   Code   RO         2526    i.usart1_tx_dma_init  bsp_usart_1.o
    0x080035a0   0x080035a0   0x0000000a   Code   RO         2987    x$fpl$fpinit        fz_wm.l(fpinit.o)
    0x080035aa   0x080035aa   0x00000008   Data   RO         1201    .constdata          stm32f4xx_hal_dma.o
    0x080035b2   0x080035b2   0x00000010   Data   RO         2278    .constdata          system_stm32f4xx.o
    0x080035c2   0x080035c2   0x00000008   Data   RO         2279    .constdata          system_stm32f4xx.o
    0x080035ca   0x080035ca   0x00000002   PAD
    0x080035cc   0x080035cc   0x00000020   Data   RO         3045    Region$$Table       anon$$obj.o


    Execution Region RW_IRAM1 (Exec base: 0x20000000, Load base: 0x080035ec, Size: 0x000015a8, Max: 0x0001c000, ABSOLUTE)

    Exec Addr    Load Addr    Size         Type   Attr      Idx    E Section Name        Object

    0x20000000   0x080035ec   0x00000004   Data   RW           16    .data               main.o
    0x20000004   0x080035f0   0x00000004   Data   RW          223    .data               can.o
    0x20000008   0x080035f4   0x0000000c   Data   RW         1646    .data               stm32f4xx_hal.o
    0x20000014   0x08003600   0x00000004   Data   RW         2280    .data               system_stm32f4xx.o
    0x20000018   0x08003604   0x00000018   Data   RW         2323    .data               bsp_can.o
    0x20000030   0x0800361c   0x00000002   Data   RW         2661    .data               remote_control.o
    0x20000032   0x0800361e   0x00000002   PAD
    0x20000034        -       0x00000050   Zero   RW          222    .bss                can.o
    0x20000084        -       0x00000150   Zero   RW          295    .bss                usart.o
    0x200001d4        -       0x00000058   Zero   RW         2322    .bss                bsp_can.o
    0x2000022c        -       0x000000a8   Zero   RW         2392    .bss                bsp_motor.o
    0x200002d4        -       0x000000a8   Zero   RW         2393    .bss                bsp_motor.o
    0x2000037c        -       0x000000a8   Zero   RW         2394    .bss                bsp_motor.o
    0x20000424        -       0x000000a8   Zero   RW         2395    .bss                bsp_motor.o
    0x200004cc        -       0x000000a8   Zero   RW         2396    .bss                bsp_motor.o
    0x20000574        -       0x000000a8   Zero   RW         2397    .bss                bsp_motor.o
    0x2000061c        -       0x000000a8   Zero   RW         2398    .bss                bsp_motor.o
    0x200006c4        -       0x000000a8   Zero   RW         2399    .bss                bsp_motor.o
    0x2000076c        -       0x000000a8   Zero   RW         2400    .bss                bsp_motor.o
    0x20000814        -       0x000000a8   Zero   RW         2401    .bss                bsp_motor.o
    0x200008bc        -       0x000000a8   Zero   RW         2402    .bss                bsp_motor.o
    0x20000964        -       0x00000040   Zero   RW         2455    .bss                bsp_pid.o
    0x200009a4        -       0x00000040   Zero   RW         2456    .bss                bsp_pid.o
    0x200009e4        -       0x00000040   Zero   RW         2457    .bss                bsp_pid.o
    0x20000a24        -       0x00000040   Zero   RW         2458    .bss                bsp_pid.o
    0x20000a64        -       0x00000040   Zero   RW         2459    .bss                bsp_pid.o
    0x20000aa4        -       0x00000040   Zero   RW         2460    .bss                bsp_pid.o
    0x20000ae4        -       0x00000040   Zero   RW         2461    .bss                bsp_pid.o
    0x20000b24        -       0x00000040   Zero   RW         2462    .bss                bsp_pid.o
    0x20000b64        -       0x00000040   Zero   RW         2463    .bss                bsp_pid.o
    0x20000ba4        -       0x00000040   Zero   RW         2464    .bss                bsp_pid.o
    0x20000be4        -       0x00000040   Zero   RW         2465    .bss                bsp_pid.o
    0x20000c24        -       0x00000040   Zero   RW         2466    .bss                bsp_pid.o
    0x20000c64        -       0x00000040   Zero   RW         2467    .bss                bsp_pid.o
    0x20000ca4        -       0x00000040   Zero   RW         2468    .bss                bsp_pid.o
    0x20000ce4        -       0x00000040   Zero   RW         2469    .bss                bsp_pid.o
    0x20000d24        -       0x00000040   Zero   RW         2470    .bss                bsp_pid.o
    0x20000d64        -       0x00000040   Zero   RW         2471    .bss                bsp_pid.o
    0x20000da4        -       0x00000040   Zero   RW         2472    .bss                bsp_pid.o
    0x20000de4        -       0x00000040   Zero   RW         2473    .bss                bsp_pid.o
    0x20000e24        -       0x00000040   Zero   RW         2474    .bss                bsp_pid.o
    0x20000e64        -       0x00000040   Zero   RW         2475    .bss                bsp_pid.o
    0x20000ea4        -       0x00000040   Zero   RW         2476    .bss                bsp_pid.o
    0x20000ee4        -       0x0000005e   Zero   RW         2660    .bss                remote_control.o
    0x20000f42   0x0800361e   0x00000002   PAD
    0x20000f44        -       0x00000060   Zero   RW         2912    .bss                c_w.l(libspace.o)
    0x20000fa4   0x0800361e   0x00000004   PAD
    0x20000fa8        -       0x00000200   Zero   RW            2    HEAP                startup_stm32f407xx.o
    0x200011a8        -       0x00000400   Zero   RW            1    STACK               startup_stm32f407xx.o


    Execution Region RW_IRAM2 (Exec base: 0x2001c000, Load base: 0x08003620, Size: 0x00000000, Max: 0x00004000, ABSOLUTE)

    **** No section assigned to this execution region ****


==============================================================================

Image component sizes


      Code (inc. data)   RO Data    RW Data    ZI Data      Debug   Object Name

       840        114          0         24         88       6441   bsp_can.o
      2940        154          0          0       1848       5282   bsp_motor.o
       388          4          0          0       1408       4616   bsp_pid.o
        96         12          0          0          0       1026   bsp_rc.o
        20          6          0          0          0     583345   bsp_usart_1.o
       452         42          0          4         80       2570   can.o
        76          4          0          0          0        842   dma.o
        76          6          0          0          0        891   gpio.o
       544         82          0          4          0     673579   main.o
       384         32          0          2         94       4639   remote_control.o
        64         26        392          0       1536        852   startup_stm32f407xx.o
       144         24          0         12          0       8849   stm32f4xx_hal.o
      1656          6          0          0          0      13951   stm32f4xx_hal_can.o
       198         14          0          0          0      33891   stm32f4xx_hal_cortex.o
       934         16          8          0          0       5695   stm32f4xx_hal_dma.o
       496         46          0          0          0       1556   stm32f4xx_hal_gpio.o
        48          6          0          0          0        882   stm32f4xx_hal_msp.o
      1348         76          0          0          0       5304   stm32f4xx_hal_rcc.o
      1288         16          0          0          0       8484   stm32f4xx_hal_uart.o
       128         54          0          0          0       8612   stm32f4xx_it.o
        16          4         24          4          0       1163   system_stm32f4xx.o
       484         60          0          0        336       2713   usart.o

    ----------------------------------------------------------------------
     12636        804        458         52       5392    1375183   Object Totals
         0          0         32          0          0          0   (incl. Generated)
        16          0          2          2          2          0   (incl. Padding)

    ----------------------------------------------------------------------

      Code (inc. data)   RO Data    RW Data    ZI Data      Debug   Library Member Name

         8          0          0          0          0         68   __main.o
         0          0          0          0          0          0   __rtentry.o
        12          0          0          0          0          0   __rtentry2.o
         6          0          0          0          0          0   __rtentry4.o
        52          8          0          0          0          0   __scatter.o
        26          0          0          0          0          0   __scatter_copy.o
        28          0          0          0          0          0   __scatter_zi.o
        18          0          0          0          0         80   exit.o
         6          0          0          0          0        152   heapauxi.o
         0          0          0          0          0          0   indicate_semi.o
         2          0          0          0          0          0   libinit.o
         6          0          0          0          0          0   libinit2.o
         2          0          0          0          0          0   libshutdown.o
         2          0          0          0          0          0   libshutdown2.o
         8          4          0          0         96         68   libspace.o
       238          0          0          0          0        100   lludivv7m.o
        78          0          0          0          0         80   rt_memclr_w.o
       100          0          0          0          0         80   rt_memcpy_w.o
         2          0          0          0          0          0   rtexit.o
        10          0          0          0          0          0   rtexit2.o
        12          4          0          0          0         68   sys_exit.o
        74          0          0          0          0         80   sys_stackheap_outer.o
         2          0          0          0          0         68   use_no_semi.o
        10          0          0          0          0        116   fpinit.o

    ----------------------------------------------------------------------
       710         16          0          0        100        960   Library Totals
         8          0          0          0          4          0   (incl. Padding)

    ----------------------------------------------------------------------

      Code (inc. data)   RO Data    RW Data    ZI Data      Debug   Library Name

       692         16          0          0         96        844   c_w.l
        10          0          0          0          0        116   fz_wm.l

    ----------------------------------------------------------------------
       710         16          0          0        100        960   Library Totals

    ----------------------------------------------------------------------

==============================================================================


      Code (inc. data)   RO Data    RW Data    ZI Data      Debug   

     13346        820        458         52       5492    1366831   Grand Totals
     13346        820        458         52       5492    1366831   ELF Image Totals
     13346        820        458         52          0          0   ROM Totals

==============================================================================

    Total RO  Size (Code + RO Data)                13804 (  13.48kB)
    Total RW  Size (RW Data + ZI Data)              5544 (   5.41kB)
    Total ROM Size (Code + RO Data + RW Data)      13856 (  13.53kB)

==============================================================================

